\BOOKMARK [0][-]{chapter*.1}{\376\377\000A\000b\000s\000t\000r\000a\000c\000t}{}% 1
\BOOKMARK [0][-]{chapter*.2}{\376\377\000A\000c\000k\000n\000o\000w\000l\000e\000d\000g\000m\000e\000n\000t\000s}{}% 2
\BOOKMARK [0][-]{chapter.1}{\376\377\000I\000n\000t\000r\000o\000d\000u\000c\000t\000i\000o\000n}{}% 3
\BOOKMARK [1][-]{section.1.1}{\376\377\000P\000r\000o\000b\000l\000e\000m\000\040\000S\000t\000a\000t\000e\000m\000e\000n\000t}{chapter.1}% 4
\BOOKMARK [2][-]{subsection.1.1.1}{\376\377\000W\000e\000b\000\040\000S\000t\000r\000u\000c\000t\000u\000r\000e\000\040\000A\000n\000a\000l\000y\000s\000i\000s\000\040\000C\000h\000a\000l\000l\000e\000n\000g\000e\000s}{section.1.1}% 5
\BOOKMARK [2][-]{subsection.1.1.2}{\376\377\000R\000e\000s\000e\000a\000r\000c\000h\000\040\000M\000o\000t\000i\000v\000a\000t\000i\000o\000n}{section.1.1}% 6
\BOOKMARK [1][-]{section.1.2}{\376\377\000O\000u\000r\000\040\000C\000o\000n\000t\000r\000i\000b\000u\000t\000i\000o\000n}{chapter.1}% 7
\BOOKMARK [2][-]{subsection.1.2.1}{\376\377\000N\000o\000v\000e\000l\000\040\000C\000l\000u\000s\000t\000e\000r\000i\000n\000g\000\040\000M\000e\000t\000h\000o\000d\000o\000l\000o\000g\000y}{section.1.2}% 8
\BOOKMARK [2][-]{subsection.1.2.2}{\376\377\000P\000e\000r\000f\000o\000r\000m\000a\000n\000c\000e\000\040\000O\000p\000t\000i\000m\000i\000z\000a\000t\000i\000o\000n\000\040\000I\000n\000n\000o\000v\000a\000t\000i\000o\000n\000s}{section.1.2}% 9
\BOOKMARK [2][-]{subsection.1.2.3}{\376\377\000C\000o\000m\000p\000r\000e\000h\000e\000n\000s\000i\000v\000e\000\040\000E\000v\000a\000l\000u\000a\000t\000i\000o\000n\000\040\000F\000r\000a\000m\000e\000w\000o\000r\000k}{section.1.2}% 10
\BOOKMARK [1][-]{section.1.3}{\376\377\000T\000h\000e\000s\000i\000s\000\040\000O\000r\000g\000a\000n\000i\000z\000a\000t\000i\000o\000n}{chapter.1}% 11
\BOOKMARK [0][-]{chapter.2}{\376\377\000R\000e\000l\000a\000t\000e\000d\000\040\000W\000o\000r\000k}{}% 12
\BOOKMARK [1][-]{section.2.1}{\376\377\000W\000e\000b\000\040\000S\000t\000r\000u\000c\000t\000u\000r\000e\000\040\000A\000n\000a\000l\000y\000s\000i\000s}{chapter.2}% 13
\BOOKMARK [2][-]{subsection.2.1.1}{\376\377\000D\000O\000M\000-\000b\000a\000s\000e\000d\000\040\000A\000n\000a\000l\000y\000s\000i\000s}{section.2.1}% 14
\BOOKMARK [2][-]{subsection.2.1.2}{\376\377\000C\000S\000S\000\040\000S\000t\000y\000l\000e\000\040\000I\000n\000t\000e\000g\000r\000a\000t\000i\000o\000n}{section.2.1}% 15
\BOOKMARK [1][-]{section.2.2}{\376\377\000C\000l\000u\000s\000t\000e\000r\000i\000n\000g\000\040\000A\000l\000g\000o\000r\000i\000t\000h\000m\000s\000\040\000i\000n\000\040\000W\000e\000b\000\040\000M\000i\000n\000i\000n\000g}{chapter.2}% 16
\BOOKMARK [2][-]{subsection.2.2.1}{\376\377\000D\000e\000n\000s\000i\000t\000y\000-\000b\000a\000s\000e\000d\000\040\000C\000l\000u\000s\000t\000e\000r\000i\000n\000g}{section.2.2}% 17
\BOOKMARK [2][-]{subsection.2.2.2}{\376\377\000C\000l\000u\000s\000t\000e\000r\000\040\000V\000a\000l\000i\000d\000a\000t\000i\000o\000n}{section.2.2}% 18
\BOOKMARK [1][-]{section.2.3}{\376\377\000P\000e\000r\000f\000o\000r\000m\000a\000n\000c\000e\000\040\000O\000p\000t\000i\000m\000i\000z\000a\000t\000i\000o\000n\000\040\000i\000n\000\040\000W\000e\000b\000\040\000P\000r\000o\000c\000e\000s\000s\000i\000n\000g}{chapter.2}% 19
\BOOKMARK [2][-]{subsection.2.3.1}{\376\377\000C\000a\000c\000h\000i\000n\000g\000\040\000S\000t\000r\000a\000t\000e\000g\000i\000e\000s}{section.2.3}% 20
\BOOKMARK [2][-]{subsection.2.3.2}{\376\377\000S\000c\000a\000l\000a\000b\000i\000l\000i\000t\000y\000\040\000C\000o\000n\000s\000i\000d\000e\000r\000a\000t\000i\000o\000n\000s}{section.2.3}% 21
\BOOKMARK [1][-]{section.2.4}{\376\377\000M\000a\000c\000h\000i\000n\000e\000\040\000L\000e\000a\000r\000n\000i\000n\000g\000\040\000i\000n\000\040\000W\000e\000b\000\040\000A\000n\000a\000l\000y\000s\000i\000s}{chapter.2}% 22
\BOOKMARK [2][-]{subsection.2.4.1}{\376\377\000F\000e\000a\000t\000u\000r\000e\000\040\000E\000x\000t\000r\000a\000c\000t\000i\000o\000n}{section.2.4}% 23
\BOOKMARK [2][-]{subsection.2.4.2}{\376\377\000S\000i\000m\000i\000l\000a\000r\000i\000t\000y\000\040\000M\000e\000t\000r\000i\000c\000s}{section.2.4}% 24
\BOOKMARK [1][-]{section.2.5}{\376\377\000R\000e\000c\000e\000n\000t\000\040\000A\000d\000v\000a\000n\000c\000e\000s\000\040\000i\000n\000\040\000W\000e\000b\000\040\000C\000o\000n\000t\000e\000n\000t\000\040\000E\000x\000t\000r\000a\000c\000t\000i\000o\000n}{chapter.2}% 25
\BOOKMARK [2][-]{subsection.2.5.1}{\376\377\000Z\000e\000r\000o\000-\000S\000h\000o\000t\000\040\000I\000n\000f\000o\000r\000m\000a\000t\000i\000o\000n\000\040\000E\000x\000t\000r\000a\000c\000t\000i\000o\000n}{section.2.5}% 26
\BOOKMARK [2][-]{subsection.2.5.2}{\376\377\000D\000O\000M\000-\000b\000a\000s\000e\000d\000\040\000L\000a\000n\000g\000u\000a\000g\000e\000\040\000M\000o\000d\000e\000l\000s}{section.2.5}% 27
\BOOKMARK [2][-]{subsection.2.5.3}{\376\377\000L\000a\000r\000g\000e\000-\000s\000c\000a\000l\000e\000\040\000W\000e\000b\000\040\000E\000x\000t\000r\000a\000c\000t\000i\000o\000n}{section.2.5}% 28
\BOOKMARK [1][-]{section.2.6}{\376\377\000G\000a\000p\000\040\000A\000n\000a\000l\000y\000s\000i\000s}{chapter.2}% 29
\BOOKMARK [0][-]{chapter.3}{\376\377\000S\000y\000s\000t\000e\000m\000\040\000A\000r\000c\000h\000i\000t\000e\000c\000t\000u\000r\000e}{}% 30
\BOOKMARK [1][-]{section.3.1}{\376\377\000S\000y\000s\000t\000e\000m\000\040\000A\000r\000c\000h\000i\000t\000e\000c\000t\000u\000r\000e\000\040\000O\000v\000e\000r\000v\000i\000e\000w}{chapter.3}% 31
\BOOKMARK [2][-]{subsection.3.1.1}{\376\377\000D\000e\000s\000i\000g\000n\000\040\000P\000r\000i\000n\000c\000i\000p\000l\000e\000s}{section.3.1}% 32
\BOOKMARK [1][-]{section.3.2}{\376\377\000C\000o\000m\000p\000o\000n\000e\000n\000t\000\040\000D\000e\000s\000c\000r\000i\000p\000t\000i\000o\000n}{chapter.3}% 33
\BOOKMARK [2][-]{subsection.3.2.1}{\376\377\000F\000r\000o\000n\000t\000e\000n\000d\000\040\000L\000a\000y\000e\000r}{section.3.2}% 34
\BOOKMARK [1][-]{section.3.3}{\376\377\000U\000s\000e\000r\000\040\000I\000n\000t\000e\000r\000f\000a\000c\000e\000\040\000D\000e\000s\000i\000g\000n}{chapter.3}% 35
\BOOKMARK [2][-]{subsection.3.3.1}{\376\377\000M\000a\000i\000n\000\040\000I\000n\000t\000e\000r\000f\000a\000c\000e\000\040\000O\000v\000e\000r\000v\000i\000e\000w}{section.3.3}% 36
\BOOKMARK [2][-]{subsection.3.3.2}{\376\377\000H\000o\000m\000e\000\040\000T\000a\000b\000\040\000-\000\040\000U\000R\000L\000\040\000P\000r\000o\000c\000e\000s\000s\000i\000n\000g\000\040\000C\000o\000n\000f\000i\000g\000u\000r\000a\000t\000i\000o\000n}{section.3.3}% 37
\BOOKMARK [2][-]{subsection.3.3.3}{\376\377\000C\000l\000u\000s\000t\000e\000r\000s\000\040\000T\000a\000b\000\040\000-\000\040\000R\000e\000s\000u\000l\000t\000s\000\040\000V\000i\000s\000u\000a\000l\000i\000z\000a\000t\000i\000o\000n}{section.3.3}% 38
\BOOKMARK [2][-]{subsection.3.3.4}{\376\377\000E\000x\000p\000e\000r\000i\000m\000e\000n\000t\000s\000\040\000T\000a\000b\000\040\000-\000\040\000B\000a\000t\000c\000h\000\040\000P\000r\000o\000c\000e\000s\000s\000i\000n\000g}{section.3.3}% 39
\BOOKMARK [2][-]{subsection.3.3.5}{\376\377\000R\000e\000s\000u\000l\000t\000s\000\040\000T\000a\000b\000\040\000-\000\040\000H\000i\000s\000t\000o\000r\000i\000c\000a\000l\000\040\000D\000a\000t\000a}{section.3.3}% 40
\BOOKMARK [2][-]{subsection.3.3.6}{\376\377\000C\000o\000n\000f\000i\000g\000u\000r\000a\000t\000i\000o\000n\000\040\000T\000a\000b\000\040\000-\000\040\000A\000d\000v\000a\000n\000c\000e\000d\000\040\000S\000e\000t\000t\000i\000n\000g\000s}{section.3.3}% 41
\BOOKMARK [2][-]{subsection.3.3.7}{\376\377\000D\000a\000r\000k\000\040\000M\000o\000d\000e\000\040\000I\000n\000t\000e\000r\000f\000a\000c\000e}{section.3.3}% 42
\BOOKMARK [2][-]{subsection.3.3.8}{\376\377\000A\000P\000I\000\040\000L\000a\000y\000e\000r}{section.3.3}% 43
\BOOKMARK [2][-]{subsection.3.3.9}{\376\377\000C\000o\000r\000e\000\040\000P\000r\000o\000c\000e\000s\000s\000i\000n\000g\000\040\000L\000a\000y\000e\000r}{section.3.3}% 44
\BOOKMARK [2][-]{subsection.3.3.10}{\376\377\000D\000a\000t\000a\000\040\000S\000t\000o\000r\000a\000g\000e\000\040\000L\000a\000y\000e\000r}{section.3.3}% 45
\BOOKMARK [1][-]{section.3.4}{\376\377\000T\000e\000c\000h\000n\000o\000l\000o\000g\000y\000\040\000S\000t\000a\000c\000k}{chapter.3}% 46
\BOOKMARK [2][-]{subsection.3.4.1}{\376\377\000F\000r\000o\000n\000t\000e\000n\000d\000\040\000T\000e\000c\000h\000n\000o\000l\000o\000g\000i\000e\000s}{section.3.4}% 47
\BOOKMARK [2][-]{subsection.3.4.2}{\376\377\000B\000a\000c\000k\000e\000n\000d\000\040\000T\000e\000c\000h\000n\000o\000l\000o\000g\000i\000e\000s}{section.3.4}% 48
\BOOKMARK [2][-]{subsection.3.4.3}{\376\377\000M\000a\000c\000h\000i\000n\000e\000\040\000L\000e\000a\000r\000n\000i\000n\000g\000\040\000S\000t\000a\000c\000k}{section.3.4}% 49
\BOOKMARK [1][-]{section.3.5}{\376\377\000S\000e\000c\000u\000r\000i\000t\000y\000\040\000a\000n\000d\000\040\000P\000e\000r\000f\000o\000r\000m\000a\000n\000c\000e\000\040\000C\000o\000n\000s\000i\000d\000e\000r\000a\000t\000i\000o\000n\000s}{chapter.3}% 50
\BOOKMARK [2][-]{subsection.3.5.1}{\376\377\000S\000e\000c\000u\000r\000i\000t\000y\000\040\000M\000e\000a\000s\000u\000r\000e\000s}{section.3.5}% 51
\BOOKMARK [2][-]{subsection.3.5.2}{\376\377\000P\000e\000r\000f\000o\000r\000m\000a\000n\000c\000e\000\040\000O\000p\000t\000i\000m\000i\000z\000a\000t\000i\000o\000n\000s}{section.3.5}% 52
\BOOKMARK [0][-]{chapter.4}{\376\377\000I\000m\000p\000l\000e\000m\000e\000n\000t\000a\000t\000i\000o\000n\000\040\000D\000e\000t\000a\000i\000l\000s}{}% 53
\BOOKMARK [1][-]{section.4.1}{\376\377\000C\000o\000r\000e\000\040\000A\000l\000g\000o\000r\000i\000t\000h\000m\000\040\000I\000m\000p\000l\000e\000m\000e\000n\000t\000a\000t\000i\000o\000n}{chapter.4}% 54
\BOOKMARK [2][-]{subsection.4.1.1}{\376\377\000W\000e\000b\000\040\000S\000t\000r\000u\000c\000t\000u\000r\000e\000\040\000E\000x\000t\000r\000a\000c\000t\000i\000o\000n\000\040\000A\000l\000g\000o\000r\000i\000t\000h\000m}{section.4.1}% 55
\BOOKMARK [2][-]{subsection.4.1.2}{\376\377\000H\000D\000B\000S\000C\000A\000N\000\040\000C\000l\000u\000s\000t\000e\000r\000i\000n\000g\000\040\000I\000m\000p\000l\000e\000m\000e\000n\000t\000a\000t\000i\000o\000n}{section.4.1}% 56
\BOOKMARK [1][-]{section.4.2}{\376\377\000D\000u\000a\000l\000-\000L\000a\000y\000e\000r\000\040\000C\000a\000c\000h\000i\000n\000g\000\040\000S\000y\000s\000t\000e\000m}{chapter.4}% 57
\BOOKMARK [1][-]{section.4.3}{\376\377\000F\000e\000a\000t\000u\000r\000e\000\040\000E\000x\000t\000r\000a\000c\000t\000i\000o\000n\000\040\000a\000n\000d\000\040\000P\000r\000o\000c\000e\000s\000s\000i\000n\000g}{chapter.4}% 58
\BOOKMARK [2][-]{subsection.4.3.1}{\376\377\000C\000S\000S\000\040\000P\000r\000o\000p\000e\000r\000t\000y\000\040\000N\000o\000r\000m\000a\000l\000i\000z\000a\000t\000i\000o\000n}{section.4.3}% 59
\BOOKMARK [2][-]{subsection.4.3.2}{\376\377\000V\000e\000c\000t\000o\000r\000\040\000S\000p\000a\000c\000e\000\040\000C\000o\000n\000s\000t\000r\000u\000c\000t\000i\000o\000n}{section.4.3}% 60
\BOOKMARK [1][-]{section.4.4}{\376\377\000A\000P\000I\000\040\000I\000m\000p\000l\000e\000m\000e\000n\000t\000a\000t\000i\000o\000n}{chapter.4}% 61
\BOOKMARK [2][-]{subsection.4.4.1}{\376\377\000R\000E\000S\000T\000f\000u\000l\000\040\000E\000n\000d\000p\000o\000i\000n\000t\000\040\000D\000e\000s\000i\000g\000n}{section.4.4}% 62
\BOOKMARK [2][-]{subsection.4.4.2}{\376\377\000R\000e\000q\000u\000e\000s\000t\000\040\000V\000a\000l\000i\000d\000a\000t\000i\000o\000n}{section.4.4}% 63
\BOOKMARK [1][-]{section.4.5}{\376\377\000F\000r\000o\000n\000t\000e\000n\000d\000\040\000I\000m\000p\000l\000e\000m\000e\000n\000t\000a\000t\000i\000o\000n}{chapter.4}% 64
\BOOKMARK [2][-]{subsection.4.5.1}{\376\377\000R\000e\000a\000c\000t\000\040\000C\000o\000m\000p\000o\000n\000e\000n\000t\000\040\000A\000r\000c\000h\000i\000t\000e\000c\000t\000u\000r\000e}{section.4.5}% 65
\BOOKMARK [2][-]{subsection.4.5.2}{\376\377\000P\000e\000r\000f\000o\000r\000m\000a\000n\000c\000e\000\040\000O\000p\000t\000i\000m\000i\000z\000a\000t\000i\000o\000n}{section.4.5}% 66
\BOOKMARK [1][-]{section.4.6}{\376\377\000P\000r\000o\000j\000e\000c\000t\000\040\000O\000r\000c\000h\000e\000s\000t\000r\000a\000t\000i\000o\000n}{chapter.4}% 67
\BOOKMARK [0][-]{chapter.5}{\376\377\000E\000x\000p\000e\000r\000i\000m\000e\000n\000t\000a\000l\000\040\000E\000v\000a\000l\000u\000a\000t\000i\000o\000n}{}% 68
\BOOKMARK [1][-]{section.5.1}{\376\377\000E\000x\000p\000e\000r\000i\000m\000e\000n\000t\000a\000l\000\040\000S\000e\000t\000u\000p}{chapter.5}% 69
\BOOKMARK [2][-]{subsection.5.1.1}{\376\377\000T\000e\000s\000t\000\040\000E\000n\000v\000i\000r\000o\000n\000m\000e\000n\000t}{section.5.1}% 70
\BOOKMARK [2][-]{subsection.5.1.2}{\376\377\000D\000a\000t\000a\000s\000e\000t\000\040\000C\000o\000n\000s\000t\000r\000u\000c\000t\000i\000o\000n}{section.5.1}% 71
\BOOKMARK [1][-]{section.5.2}{\376\377\000C\000l\000u\000s\000t\000e\000r\000i\000n\000g\000\040\000Q\000u\000a\000l\000i\000t\000y\000\040\000E\000v\000a\000l\000u\000a\000t\000i\000o\000n}{chapter.5}% 72
\BOOKMARK [2][-]{subsection.5.2.1}{\376\377\000D\000B\000C\000V\000\040\000S\000c\000o\000r\000e\000\040\000A\000n\000a\000l\000y\000s\000i\000s}{section.5.2}% 73
\BOOKMARK [1][-]{section.5.3}{\376\377\000P\000e\000r\000f\000o\000r\000m\000a\000n\000c\000e\000\040\000B\000e\000n\000c\000h\000m\000a\000r\000k\000i\000n\000g}{chapter.5}% 74
\BOOKMARK [2][-]{subsection.5.3.1}{\376\377\000C\000a\000c\000h\000e\000\040\000P\000e\000r\000f\000o\000r\000m\000a\000n\000c\000e\000\040\000A\000n\000a\000l\000y\000s\000i\000s}{section.5.3}% 75
\BOOKMARK [2][-]{subsection.5.3.2}{\376\377\000S\000c\000a\000l\000a\000b\000i\000l\000i\000t\000y\000\040\000T\000e\000s\000t\000i\000n\000g}{section.5.3}% 76
\BOOKMARK [1][-]{section.5.4}{\376\377\000C\000o\000m\000p\000a\000r\000a\000t\000i\000v\000e\000\040\000A\000n\000a\000l\000y\000s\000i\000s}{chapter.5}% 77
\BOOKMARK [2][-]{subsection.5.4.1}{\376\377\000C\000l\000u\000s\000t\000e\000r\000i\000n\000g\000\040\000A\000l\000g\000o\000r\000i\000t\000h\000m\000\040\000C\000o\000m\000p\000a\000r\000i\000s\000o\000n}{section.5.4}% 78
\BOOKMARK [1][-]{section.5.5}{\376\377\000S\000y\000s\000t\000e\000m\000\040\000E\000v\000a\000l\000u\000a\000t\000i\000o\000n\000\040\000R\000e\000s\000u\000l\000t\000s}{chapter.5}% 79
\BOOKMARK [2][-]{subsection.5.5.1}{\376\377\000C\000l\000u\000s\000t\000e\000r\000i\000n\000g\000\040\000A\000l\000g\000o\000r\000i\000t\000h\000m\000\040\000E\000f\000f\000e\000c\000t\000i\000v\000e\000n\000e\000s\000s}{section.5.5}% 80
\BOOKMARK [2][-]{subsection.5.5.2}{\376\377\000P\000r\000o\000c\000e\000s\000s\000i\000n\000g\000\040\000P\000e\000r\000f\000o\000r\000m\000a\000n\000c\000e}{section.5.5}% 81
\BOOKMARK [2][-]{subsection.5.5.3}{\376\377\000E\000x\000p\000e\000r\000i\000m\000e\000n\000t\000a\000l\000\040\000D\000a\000t\000a\000\040\000V\000i\000s\000u\000a\000l\000i\000z\000a\000t\000i\000o\000n}{section.5.5}% 82
\BOOKMARK [0][-]{chapter.6}{\376\377\000C\000o\000n\000c\000l\000u\000s\000i\000o\000n\000s\000\040\000a\000n\000d\000\040\000F\000u\000t\000u\000r\000e\000\040\000W\000o\000r\000k}{}% 83
\BOOKMARK [1][-]{section.6.1}{\376\377\000S\000u\000m\000m\000a\000r\000y\000\040\000o\000f\000\040\000C\000o\000n\000t\000r\000i\000b\000u\000t\000i\000o\000n\000s}{chapter.6}% 84
\BOOKMARK [2][-]{subsection.6.1.1}{\376\377\000N\000o\000v\000e\000l\000\040\000M\000u\000l\000t\000i\000-\000l\000e\000v\000e\000l\000\040\000D\000O\000M\000\040\000A\000n\000a\000l\000y\000s\000i\000s\000\040\000F\000r\000a\000m\000e\000w\000o\000r\000k}{section.6.1}% 85
\BOOKMARK [2][-]{subsection.6.1.2}{\376\377\000C\000S\000S\000-\000a\000w\000a\000r\000e\000\040\000C\000l\000u\000s\000t\000e\000r\000i\000n\000g\000\040\000w\000i\000t\000h\000\040\000H\000D\000B\000S\000C\000A\000N}{section.6.1}% 86
\BOOKMARK [2][-]{subsection.6.1.3}{\376\377\000C\000a\000c\000h\000i\000n\000g\000\040\000A\000r\000c\000h\000i\000t\000e\000c\000t\000u\000r\000e}{section.6.1}% 87
\BOOKMARK [2][-]{subsection.6.1.4}{\376\377\000S\000y\000s\000t\000e\000m\000a\000t\000i\000c\000\040\000E\000v\000a\000l\000u\000a\000t\000i\000o\000n\000\040\000F\000r\000a\000m\000e\000w\000o\000r\000k}{section.6.1}% 88
\BOOKMARK [2][-]{subsection.6.1.5}{\376\377\000P\000r\000o\000d\000u\000c\000t\000i\000o\000n\000-\000r\000e\000a\000d\000y\000\040\000I\000m\000p\000l\000e\000m\000e\000n\000t\000a\000t\000i\000o\000n}{section.6.1}% 89
\BOOKMARK [1][-]{section.6.2}{\376\377\000R\000e\000s\000e\000a\000r\000c\000h\000\040\000I\000m\000p\000a\000c\000t\000\040\000a\000n\000d\000\040\000S\000i\000g\000n\000i\000f\000i\000c\000a\000n\000c\000e}{chapter.6}% 90
\BOOKMARK [2][-]{subsection.6.2.1}{\376\377\000A\000c\000a\000d\000e\000m\000i\000c\000\040\000C\000o\000n\000t\000r\000i\000b\000u\000t\000i\000o\000n\000s}{section.6.2}% 91
\BOOKMARK [2][-]{subsection.6.2.2}{\376\377\000P\000r\000a\000c\000t\000i\000c\000a\000l\000\040\000A\000p\000p\000l\000i\000c\000a\000t\000i\000o\000n\000s}{section.6.2}% 92
\BOOKMARK [1][-]{section.6.3}{\376\377\000L\000i\000m\000i\000t\000a\000t\000i\000o\000n\000s\000\040\000a\000n\000d\000\040\000C\000h\000a\000l\000l\000e\000n\000g\000e\000s}{chapter.6}% 93
\BOOKMARK [2][-]{subsection.6.3.1}{\376\377\000S\000c\000a\000l\000a\000b\000i\000l\000i\000t\000y\000\040\000C\000o\000n\000s\000t\000r\000a\000i\000n\000t\000s}{section.6.3}% 94
\BOOKMARK [2][-]{subsection.6.3.2}{\376\377\000D\000y\000n\000a\000m\000i\000c\000\040\000C\000o\000n\000t\000e\000n\000t\000\040\000H\000a\000n\000d\000l\000i\000n\000g}{section.6.3}% 95
\BOOKMARK [2][-]{subsection.6.3.3}{\376\377\000C\000r\000o\000s\000s\000-\000b\000r\000o\000w\000s\000e\000r\000\040\000C\000o\000m\000p\000a\000t\000i\000b\000i\000l\000i\000t\000y}{section.6.3}% 96
\BOOKMARK [1][-]{section.6.4}{\376\377\000F\000u\000t\000u\000r\000e\000\040\000R\000e\000s\000e\000a\000r\000c\000h\000\040\000D\000i\000r\000e\000c\000t\000i\000o\000n\000s}{chapter.6}% 97
\BOOKMARK [2][-]{subsection.6.4.1}{\376\377\000E\000n\000h\000a\000n\000c\000e\000d\000\040\000D\000y\000n\000a\000m\000i\000c\000\040\000C\000o\000n\000t\000e\000n\000t\000\040\000A\000n\000a\000l\000y\000s\000i\000s}{section.6.4}% 98
\BOOKMARK [2][-]{subsection.6.4.2}{\376\377\000M\000u\000l\000t\000i\000-\000m\000o\000d\000a\000l\000\040\000F\000e\000a\000t\000u\000r\000e\000\040\000I\000n\000t\000e\000g\000r\000a\000t\000i\000o\000n}{section.6.4}% 99
\BOOKMARK [2][-]{subsection.6.4.3}{\376\377\000A\000d\000a\000p\000t\000i\000v\000e\000\040\000C\000l\000u\000s\000t\000e\000r\000i\000n\000g\000\040\000A\000l\000g\000o\000r\000i\000t\000h\000m\000s}{section.6.4}% 100
\BOOKMARK [2][-]{subsection.6.4.4}{\376\377\000D\000i\000s\000t\000r\000i\000b\000u\000t\000e\000d\000\040\000C\000o\000m\000p\000u\000t\000i\000n\000g\000\040\000I\000n\000t\000e\000g\000r\000a\000t\000i\000o\000n}{section.6.4}% 101
\BOOKMARK [1][-]{section.6.5}{\376\377\000F\000i\000n\000a\000l\000\040\000R\000e\000m\000a\000r\000k\000s}{chapter.6}% 102
\BOOKMARK [0][-]{appendix.A}{\376\377\000U\000s\000e\000r\000\040\000G\000u\000i\000d\000e}{}% 103
\BOOKMARK [1][-]{section.A.1}{\376\377\000G\000e\000t\000t\000i\000n\000g\000\040\000S\000t\000a\000r\000t\000e\000d}{appendix.A}% 104
\BOOKMARK [2][-]{subsection.A.1.1}{\376\377\000A\000c\000c\000e\000s\000s\000i\000n\000g\000\040\000t\000h\000e\000\040\000S\000y\000s\000t\000e\000m}{section.A.1}% 105
\BOOKMARK [1][-]{section.A.2}{\376\377\000B\000a\000s\000i\000c\000\040\000W\000o\000r\000k\000f\000l\000o\000w}{appendix.A}% 106
\BOOKMARK [2][-]{subsection.A.2.1}{\376\377\000S\000t\000e\000p\000\040\0001\000:\000\040\000E\000n\000t\000e\000r\000\040\000U\000R\000L\000s}{section.A.2}% 107
\BOOKMARK [2][-]{subsection.A.2.2}{\376\377\000S\000t\000e\000p\000\040\0002\000:\000\040\000C\000o\000n\000f\000i\000g\000u\000r\000e\000\040\000A\000n\000a\000l\000y\000s\000i\000s}{section.A.2}% 108
\BOOKMARK [2][-]{subsection.A.2.3}{\376\377\000S\000t\000e\000p\000\040\0003\000:\000\040\000E\000x\000e\000c\000u\000t\000e\000\040\000A\000n\000a\000l\000y\000s\000i\000s}{section.A.2}% 109
\BOOKMARK [2][-]{subsection.A.2.4}{\376\377\000S\000t\000e\000p\000\040\0004\000:\000\040\000V\000i\000e\000w\000\040\000R\000e\000s\000u\000l\000t\000s}{section.A.2}% 110
\BOOKMARK [1][-]{section.A.3}{\376\377\000A\000d\000v\000a\000n\000c\000e\000d\000\040\000F\000e\000a\000t\000u\000r\000e\000s}{appendix.A}% 111
\BOOKMARK [2][-]{subsection.A.3.1}{\376\377\000B\000a\000t\000c\000h\000\040\000E\000x\000p\000e\000r\000i\000m\000e\000n\000t\000s}{section.A.3}% 112
\BOOKMARK [2][-]{subsection.A.3.2}{\376\377\000H\000i\000s\000t\000o\000r\000i\000c\000a\000l\000\040\000R\000e\000s\000u\000l\000t\000s}{section.A.3}% 113
\BOOKMARK [2][-]{subsection.A.3.3}{\376\377\000C\000u\000s\000t\000o\000m\000\040\000C\000o\000n\000f\000i\000g\000u\000r\000a\000t\000i\000o\000n}{section.A.3}% 114
\BOOKMARK [0][-]{appendix.B}{\376\377\000T\000e\000c\000h\000n\000i\000c\000a\000l\000\040\000S\000p\000e\000c\000i\000f\000i\000c\000a\000t\000i\000o\000n\000s}{}% 115
\BOOKMARK [1][-]{section.B.1}{\376\377\000S\000y\000s\000t\000e\000m\000\040\000R\000e\000q\000u\000i\000r\000e\000m\000e\000n\000t\000s}{appendix.B}% 116
\BOOKMARK [2][-]{subsection.B.1.1}{\376\377\000H\000a\000r\000d\000w\000a\000r\000e\000\040\000R\000e\000q\000u\000i\000r\000e\000m\000e\000n\000t\000s}{section.B.1}% 117
\BOOKMARK [2][-]{subsection.B.1.2}{\376\377\000S\000o\000f\000t\000w\000a\000r\000e\000\040\000R\000e\000q\000u\000i\000r\000e\000m\000e\000n\000t\000s}{section.B.1}% 118
\BOOKMARK [1][-]{section.B.2}{\376\377\000I\000n\000s\000t\000a\000l\000l\000a\000t\000i\000o\000n\000\040\000G\000u\000i\000d\000e}{appendix.B}% 119
\BOOKMARK [2][-]{subsection.B.2.1}{\376\377\000Q\000u\000i\000c\000k\000\040\000S\000t\000a\000r\000t\000\040\000I\000n\000s\000t\000a\000l\000l\000a\000t\000i\000o\000n}{section.B.2}% 120
\BOOKMARK [1][-]{section.B.3}{\376\377\000C\000o\000n\000f\000i\000g\000u\000r\000a\000t\000i\000o\000n\000\040\000O\000p\000t\000i\000o\000n\000s}{appendix.B}% 121
\BOOKMARK [2][-]{subsection.B.3.1}{\376\377\000C\000a\000c\000h\000e\000\040\000C\000o\000n\000f\000i\000g\000u\000r\000a\000t\000i\000o\000n}{section.B.3}% 122
\BOOKMARK [2][-]{subsection.B.3.2}{\376\377\000P\000r\000o\000c\000e\000s\000s\000i\000n\000g\000\040\000P\000a\000r\000a\000m\000e\000t\000e\000r\000s}{section.B.3}% 123
\BOOKMARK [1][-]{section.B.4}{\376\377\000P\000e\000r\000f\000o\000r\000m\000a\000n\000c\000e\000\040\000T\000u\000n\000i\000n\000g\000\040\000G\000u\000i\000d\000e}{appendix.B}% 124
\BOOKMARK [2][-]{subsection.B.4.1}{\376\377\000M\000e\000m\000o\000r\000y\000\040\000O\000p\000t\000i\000m\000i\000z\000a\000t\000i\000o\000n}{section.B.4}% 125
\BOOKMARK [2][-]{subsection.B.4.2}{\376\377\000C\000P\000U\000\040\000O\000p\000t\000i\000m\000i\000z\000a\000t\000i\000o\000n}{section.B.4}% 126
\BOOKMARK [1][-]{section.B.5}{\376\377\000T\000r\000o\000u\000b\000l\000e\000s\000h\000o\000o\000t\000i\000n\000g\000\040\000G\000u\000i\000d\000e}{appendix.B}% 127
\BOOKMARK [2][-]{subsection.B.5.1}{\376\377\000C\000o\000m\000m\000o\000n\000\040\000I\000s\000s\000u\000e\000s}{section.B.5}% 128
\BOOKMARK [0][-]{appendix.C}{\376\377\000A\000P\000I\000\040\000D\000o\000c\000u\000m\000e\000n\000t\000a\000t\000i\000o\000n}{}% 129
\BOOKMARK [1][-]{section.C.1}{\376\377\000R\000E\000S\000T\000\040\000A\000P\000I\000\040\000E\000n\000d\000p\000o\000i\000n\000t\000s}{appendix.C}% 130
\BOOKMARK [2][-]{subsection.C.1.1}{\376\377\000B\000a\000s\000e\000\040\000C\000o\000n\000f\000i\000g\000u\000r\000a\000t\000i\000o\000n}{section.C.1}% 131
\BOOKMARK [1][-]{section.C.2}{\376\377\000C\000o\000r\000e\000\040\000P\000r\000o\000c\000e\000s\000s\000i\000n\000g\000\040\000E\000n\000d\000p\000o\000i\000n\000t\000s}{appendix.C}% 132
\BOOKMARK [2][-]{subsection.C.2.1}{\376\377\000P\000r\000o\000c\000e\000s\000s\000\040\000U\000R\000L\000s}{section.C.2}% 133
\BOOKMARK [2][-]{subsection.C.2.2}{\376\377\000S\000i\000t\000e\000\040\000S\000i\000m\000i\000l\000a\000r\000i\000t\000y\000\040\000A\000n\000a\000l\000y\000s\000i\000s}{section.C.2}% 134
\BOOKMARK [1][-]{section.C.3}{\376\377\000C\000a\000c\000h\000e\000\040\000M\000a\000n\000a\000g\000e\000m\000e\000n\000t\000\040\000E\000n\000d\000p\000o\000i\000n\000t\000s}{appendix.C}% 135
\BOOKMARK [2][-]{subsection.C.3.1}{\376\377\000C\000a\000c\000h\000e\000\040\000S\000t\000a\000t\000i\000s\000t\000i\000c\000s}{section.C.3}% 136
\BOOKMARK [2][-]{subsection.C.3.2}{\376\377\000C\000a\000c\000h\000e\000\040\000O\000p\000e\000r\000a\000t\000i\000o\000n\000s}{section.C.3}% 137
\BOOKMARK [1][-]{section.C.4}{\376\377\000E\000r\000r\000o\000r\000\040\000H\000a\000n\000d\000l\000i\000n\000g}{appendix.C}% 138
\BOOKMARK [2][-]{subsection.C.4.1}{\376\377\000C\000o\000m\000m\000o\000n\000\040\000E\000r\000r\000o\000r\000\040\000C\000o\000d\000e\000s}{section.C.4}% 139
\BOOKMARK [1][-]{section.C.5}{\376\377\000A\000P\000I\000\040\000C\000l\000i\000e\000n\000t\000\040\000E\000x\000a\000m\000p\000l\000e\000s}{appendix.C}% 140
\BOOKMARK [2][-]{subsection.C.5.1}{\376\377\000P\000y\000t\000h\000o\000n\000\040\000C\000l\000i\000e\000n\000t\000\040\000E\000x\000a\000m\000p\000l\000e}{section.C.5}% 141
\BOOKMARK [2][-]{subsection.C.5.2}{\376\377\000J\000a\000v\000a\000S\000c\000r\000i\000p\000t\000\040\000C\000l\000i\000e\000n\000t\000\040\000E\000x\000a\000m\000p\000l\000e}{section.C.5}% 142
