\BOOKMARK [0][-]{chapter*.1}{\376\377\003\240\003\265\003\301\003\257\003\273\003\267\003\310\003\267}{}% 1
\BOOKMARK [0][-]{chapter*.2}{\376\377\000A\000b\000s\000t\000r\000a\000c\000t}{}% 2
\BOOKMARK [0][-]{chapter*.3}{\376\377\000A\000c\000k\000n\000o\000w\000l\000e\000d\000g\000e\000m\000e\000n\000t\000s}{}% 3
\BOOKMARK [0][-]{chapter.1}{\376\377\000I\000n\000t\000r\000o\000d\000u\000c\000t\000i\000o\000n}{}% 4
\BOOKMARK [1][-]{section.1.1}{\376\377\000O\000v\000e\000r\000v\000i\000e\000w}{chapter.1}% 5
\BOOKMARK [1][-]{section.1.2}{\376\377\000P\000r\000o\000b\000l\000e\000m\000\040\000S\000t\000a\000t\000e\000m\000e\000n\000t}{chapter.1}% 6
\BOOKMARK [2][-]{subsection.1.2.1}{\376\377\000W\000e\000b\000\040\000S\000t\000r\000u\000c\000t\000u\000r\000e\000\040\000A\000n\000a\000l\000y\000s\000i\000s\000\040\000C\000h\000a\000l\000l\000e\000n\000g\000e\000s}{section.1.2}% 7
\BOOKMARK [2][-]{subsection.1.2.2}{\376\377\000R\000e\000s\000e\000a\000r\000c\000h\000\040\000M\000o\000t\000i\000v\000a\000t\000i\000o\000n}{section.1.2}% 8
\BOOKMARK [1][-]{section.1.3}{\376\377\000R\000e\000s\000e\000a\000r\000c\000h\000\040\000O\000b\000j\000e\000c\000t\000i\000v\000e\000s}{chapter.1}% 9
\BOOKMARK [1][-]{section.1.4}{\376\377\000C\000o\000n\000t\000r\000i\000b\000u\000t\000i\000o\000n\000s}{chapter.1}% 10
\BOOKMARK [1][-]{section.1.5}{\376\377\000T\000h\000e\000s\000i\000s\000\040\000S\000t\000r\000u\000c\000t\000u\000r\000e}{chapter.1}% 11
\BOOKMARK [0][-]{chapter.2}{\376\377\000T\000h\000e\000o\000r\000e\000t\000i\000c\000a\000l\000\040\000B\000a\000c\000k\000g\000r\000o\000u\000n\000d}{}% 12
\BOOKMARK [1][-]{section.2.1}{\376\377\000W\000e\000b\000\040\000P\000a\000r\000s\000i\000n\000g\000:\000\040\000D\000O\000M\000,\000\040\000C\000S\000S\000\040\000A\000n\000a\000l\000y\000s\000i\000s\000,\000\040\000a\000n\000d\000\040\000L\000a\000y\000o\000u\000t\000\040\000P\000a\000t\000t\000e\000r\000n\000s}{chapter.2}% 13
\BOOKMARK [2][-]{subsection.2.1.1}{\376\377\000S\000t\000r\000u\000c\000t\000u\000r\000a\000l\000\040\000U\000n\000d\000e\000r\000s\000t\000a\000n\000d\000i\000n\000g\000\040\000o\000f\000\040\000W\000e\000b\000\040\000D\000o\000c\000u\000m\000e\000n\000t\000s}{section.2.1}% 14
\BOOKMARK [2][-]{subsection.2.1.2}{\376\377\000I\000n\000f\000o\000r\000m\000a\000t\000i\000o\000n\000\040\000E\000x\000t\000r\000a\000c\000t\000i\000o\000n\000\040\000f\000r\000o\000m\000\040\000W\000e\000b\000\040\000P\000a\000g\000e\000s}{section.2.1}% 15
\BOOKMARK [2][-]{subsection.2.1.3}{\376\377\000D\000O\000M\000\040\000T\000r\000e\000e\000\040\000A\000n\000a\000l\000y\000s\000i\000s\000\040\000a\000n\000d\000\040\000P\000r\000o\000c\000e\000s\000s\000i\000n\000g}{section.2.1}% 16
\BOOKMARK [1][-]{section.2.2}{\376\377\000D\000a\000t\000a\000\040\000M\000o\000d\000e\000l\000i\000n\000g\000\040\000f\000o\000r\000\040\000W\000e\000b}{chapter.2}% 17
\BOOKMARK [2][-]{subsection.2.2.1}{\376\377\000W\000e\000b\000\040\000D\000a\000t\000a\000\040\000R\000e\000p\000r\000e\000s\000e\000n\000t\000a\000t\000i\000o\000n\000\040\000C\000h\000a\000l\000l\000e\000n\000g\000e\000s}{section.2.2}% 18
\BOOKMARK [2][-]{subsection.2.2.2}{\376\377\000J\000S\000O\000N\000\040\000S\000t\000r\000u\000c\000t\000u\000r\000i\000n\000g\000\040\000f\000o\000r\000\040\000W\000e\000b\000\040\000A\000n\000a\000l\000y\000s\000i\000s}{section.2.2}% 19
\BOOKMARK [1][-]{section.2.3}{\376\377\000S\000i\000m\000i\000l\000a\000r\000i\000t\000y\000\040\000a\000n\000d\000\040\000C\000l\000u\000s\000t\000e\000r\000i\000n\000g\000\040\000M\000e\000t\000h\000o\000d\000s\000\040\000f\000o\000r\000\040\000W\000e\000b\000\040\000D\000a\000t\000a}{chapter.2}% 20
\BOOKMARK [2][-]{subsection.2.3.1}{\376\377\000M\000u\000l\000t\000i\000-\000d\000i\000m\000e\000n\000s\000i\000o\000n\000a\000l\000\040\000S\000i\000m\000i\000l\000a\000r\000i\000t\000y\000\040\000A\000p\000p\000r\000o\000a\000c\000h\000e\000s}{section.2.3}% 21
\BOOKMARK [2][-]{subsection.2.3.2}{\376\377\000G\000r\000a\000p\000h\000-\000b\000a\000s\000e\000d\000\040\000S\000i\000m\000i\000l\000a\000r\000i\000t\000y\000\040\000M\000e\000a\000s\000u\000r\000e\000s}{section.2.3}% 22
\BOOKMARK [2][-]{subsection.2.3.3}{\376\377\000R\000o\000l\000e\000\040\000V\000e\000c\000t\000o\000r\000\040\000S\000i\000m\000i\000l\000a\000r\000i\000t\000y}{section.2.3}% 23
\BOOKMARK [1][-]{section.2.4}{\376\377\000C\000l\000u\000s\000t\000e\000r\000i\000n\000g\000\040\000A\000l\000g\000o\000r\000i\000t\000h\000m\000s\000\040\000f\000o\000r\000\040\000W\000e\000b\000\040\000D\000a\000t\000a}{chapter.2}% 24
\BOOKMARK [2][-]{subsection.2.4.1}{\376\377\000D\000e\000n\000s\000i\000t\000y\000-\000B\000a\000s\000e\000d\000\040\000C\000l\000u\000s\000t\000e\000r\000i\000n\000g}{section.2.4}% 25
\BOOKMARK [2][-]{subsection.2.4.2}{\376\377\000C\000l\000u\000s\000t\000e\000r\000\040\000V\000a\000l\000i\000d\000a\000t\000i\000o\000n}{section.2.4}% 26
\BOOKMARK [2][-]{subsection.2.4.3}{\376\377\000M\000u\000l\000t\000i\000-\000l\000e\000v\000e\000l\000\040\000C\000l\000u\000s\000t\000e\000r\000i\000n\000g\000\040\000A\000n\000a\000l\000y\000s\000i\000s}{section.2.4}% 27
\BOOKMARK [1][-]{section.2.5}{\376\377\000F\000e\000a\000t\000u\000r\000e\000\040\000E\000n\000g\000i\000n\000e\000e\000r\000i\000n\000g\000\040\000f\000o\000r\000\040\000W\000e\000b\000\040\000A\000n\000a\000l\000y\000s\000i\000s}{chapter.2}% 28
\BOOKMARK [2][-]{subsection.2.5.1}{\376\377\000C\000S\000S\000\040\000P\000r\000o\000p\000e\000r\000t\000y\000\040\000S\000t\000a\000n\000d\000a\000r\000d\000i\000z\000a\000t\000i\000o\000n}{section.2.5}% 29
\BOOKMARK [2][-]{subsection.2.5.2}{\376\377\000A\000t\000t\000r\000i\000b\000u\000t\000e\000\040\000S\000e\000l\000e\000c\000t\000i\000o\000n\000\040\000a\000n\000d\000\040\000F\000i\000l\000t\000e\000r\000i\000n\000g}{section.2.5}% 30
\BOOKMARK [2][-]{subsection.2.5.3}{\376\377\000V\000e\000c\000t\000o\000r\000\040\000S\000p\000a\000c\000e\000\040\000R\000e\000p\000r\000e\000s\000e\000n\000t\000a\000t\000i\000o\000n}{section.2.5}% 31
\BOOKMARK [1][-]{section.2.6}{\376\377\000S\000i\000m\000i\000l\000a\000r\000i\000t\000y\000\040\000M\000e\000a\000s\000u\000r\000e\000s\000\040\000f\000o\000r\000\040\000W\000e\000b\000\040\000D\000a\000t\000a}{chapter.2}% 32
\BOOKMARK [2][-]{subsection.2.6.1}{\376\377\000C\000o\000s\000i\000n\000e\000\040\000S\000i\000m\000i\000l\000a\000r\000i\000t\000y}{section.2.6}% 33
\BOOKMARK [2][-]{subsection.2.6.2}{\376\377\000E\000a\000r\000t\000h\000\040\000M\000o\000v\000e\000r\000'\000s\000\040\000D\000i\000s\000t\000a\000n\000c\000e\000\040\000\050\000E\000M\000D\000\051}{section.2.6}% 34
\BOOKMARK [2][-]{subsection.2.6.3}{\376\377\000H\000a\000u\000s\000d\000o\000r\000f\000f\000\040\000D\000i\000s\000t\000a\000n\000c\000e}{section.2.6}% 35
\BOOKMARK [2][-]{subsection.2.6.4}{\376\377\000C\000o\000m\000b\000i\000n\000e\000d\000\040\000S\000i\000m\000i\000l\000a\000r\000i\000t\000y\000\040\000M\000e\000t\000r\000i\000c\000s}{section.2.6}% 36
\BOOKMARK [1][-]{section.2.7}{\376\377\000A\000p\000p\000l\000i\000c\000a\000t\000i\000o\000n\000s\000\040\000a\000n\000d\000\040\000U\000s\000e\000\040\000C\000a\000s\000e\000s}{chapter.2}% 37
\BOOKMARK [2][-]{subsection.2.7.1}{\376\377\000W\000e\000b\000\040\000M\000i\000n\000i\000n\000g\000\040\000a\000n\000d\000\040\000C\000o\000n\000t\000e\000n\000t\000\040\000A\000n\000a\000l\000y\000s\000i\000s}{section.2.7}% 38
\BOOKMARK [2][-]{subsection.2.7.2}{\376\377\000U\000s\000e\000r\000\040\000I\000n\000t\000e\000r\000f\000a\000c\000e\000\040\000R\000e\000s\000e\000a\000r\000c\000h}{section.2.7}% 39
\BOOKMARK [2][-]{subsection.2.7.3}{\376\377\000W\000e\000b\000s\000i\000t\000e\000\040\000C\000l\000a\000s\000s\000i\000f\000i\000c\000a\000t\000i\000o\000n\000\040\000a\000n\000d\000\040\000C\000a\000t\000e\000g\000o\000r\000i\000z\000a\000t\000i\000o\000n}{section.2.7}% 40
\BOOKMARK [2][-]{subsection.2.7.4}{\376\377\000D\000e\000s\000i\000g\000n\000\040\000P\000a\000t\000t\000e\000r\000n\000\040\000A\000n\000a\000l\000y\000s\000i\000s}{section.2.7}% 41
\BOOKMARK [1][-]{section.2.8}{\376\377\000R\000e\000s\000e\000a\000r\000c\000h\000\040\000G\000a\000p\000s\000\040\000a\000n\000d\000\040\000O\000p\000p\000o\000r\000t\000u\000n\000i\000t\000i\000e\000s}{chapter.2}% 42
\BOOKMARK [2][-]{subsection.2.8.1}{\376\377\000I\000n\000t\000e\000g\000r\000a\000t\000i\000o\000n\000\040\000o\000f\000\040\000M\000u\000l\000t\000i\000p\000l\000e\000\040\000A\000n\000a\000l\000y\000s\000i\000s\000\040\000D\000i\000m\000e\000n\000s\000i\000o\000n\000s}{section.2.8}% 43
\BOOKMARK [2][-]{subsection.2.8.2}{\376\377\000S\000c\000a\000l\000a\000b\000i\000l\000i\000t\000y\000\040\000a\000n\000d\000\040\000P\000e\000r\000f\000o\000r\000m\000a\000n\000c\000e}{section.2.8}% 44
\BOOKMARK [2][-]{subsection.2.8.3}{\376\377\000D\000y\000n\000a\000m\000i\000c\000\040\000C\000o\000n\000t\000e\000n\000t\000\040\000H\000a\000n\000d\000l\000i\000n\000g}{section.2.8}% 45
\BOOKMARK [2][-]{subsection.2.8.4}{\376\377\000C\000r\000o\000s\000s\000-\000d\000o\000m\000a\000i\000n\000\040\000G\000e\000n\000e\000r\000a\000l\000i\000z\000a\000t\000i\000o\000n}{section.2.8}% 46
\BOOKMARK [1][-]{section.2.9}{\376\377\000L\000i\000t\000e\000r\000a\000t\000u\000r\000e\000\040\000R\000e\000v\000i\000e\000w\000\040\000S\000u\000m\000m\000a\000r\000y}{chapter.2}% 47
\BOOKMARK [1][-]{section.2.10}{\376\377\000T\000r\000a\000n\000s\000i\000t\000i\000o\000n\000\040\000t\000o\000\040\000S\000y\000s\000t\000e\000m\000\040\000D\000e\000s\000i\000g\000n}{chapter.2}% 48
\BOOKMARK [0][-]{chapter.3}{\376\377\000T\000h\000e\000\040\000S\0004\000D\000\040\000S\000y\000s\000t\000e\000m}{}% 49
\BOOKMARK [1][-]{section.3.1}{\376\377\000S\000y\000s\000t\000e\000m\000\040\000O\000v\000e\000r\000v\000i\000e\000w}{chapter.3}% 50
\BOOKMARK [1][-]{section.3.2}{\376\377\000T\000e\000c\000h\000n\000o\000l\000o\000g\000y\000\040\000S\000t\000a\000c\000k\000\040\000a\000n\000d\000\040\000A\000p\000p\000l\000i\000e\000d\000\040\000T\000o\000o\000l\000s}{chapter.3}% 51
\BOOKMARK [2][-]{subsection.3.2.1}{\376\377\000B\000a\000c\000k\000e\000n\000d\000\040\000T\000e\000c\000h\000n\000o\000l\000o\000g\000i\000e\000s}{section.3.2}% 52
\BOOKMARK [2][-]{subsection.3.2.2}{\376\377\000F\000r\000o\000n\000t\000e\000n\000d\000\040\000T\000e\000c\000h\000n\000o\000l\000o\000g\000i\000e\000s}{section.3.2}% 53
\BOOKMARK [2][-]{subsection.3.2.3}{\376\377\000S\000y\000s\000t\000e\000m\000\040\000I\000n\000t\000e\000g\000r\000a\000t\000i\000o\000n}{section.3.2}% 54
\BOOKMARK [2][-]{subsection.3.2.4}{\376\377\000E\000x\000t\000e\000n\000d\000e\000d\000\040\000T\000e\000c\000h\000n\000o\000l\000o\000g\000y\000\040\000S\000t\000a\000c\000k\000\040\000D\000e\000t\000a\000i\000l\000s}{section.3.2}% 55
\BOOKMARK [1][-]{section.3.3}{\376\377\000W\000e\000b\000\040\000P\000a\000r\000s\000i\000n\000g\000\040\000\050\000L\000e\000v\000e\000l\000s\000\040\000+\000\040\000C\000l\000u\000s\000t\000e\000r\000i\000n\000g\000\051}{chapter.3}% 56
\BOOKMARK [2][-]{subsection.3.3.1}{\376\377\000A\000u\000t\000o\000m\000a\000t\000e\000d\000\040\000W\000e\000b\000\040\000R\000e\000n\000d\000e\000r\000i\000n\000g}{section.3.3}% 57
\BOOKMARK [2][-]{subsection.3.3.2}{\376\377\000H\000i\000e\000r\000a\000r\000c\000h\000i\000c\000a\000l\000\040\000D\000O\000M\000\040\000T\000r\000e\000e\000\040\000C\000o\000n\000s\000t\000r\000u\000c\000t\000i\000o\000n}{section.3.3}% 58
\BOOKMARK [2][-]{subsection.3.3.3}{\376\377\000M\000u\000l\000t\000i\000-\000L\000e\000v\000e\000l\000\040\000D\000O\000M\000\040\000A\000n\000a\000l\000y\000s\000i\000s}{section.3.3}% 59
\BOOKMARK [2][-]{subsection.3.3.4}{\376\377\000C\000S\000S\000\040\000P\000r\000o\000p\000e\000r\000t\000y\000\040\000A\000n\000a\000l\000y\000s\000i\000s\000\040\000a\000n\000d\000\040\000N\000o\000r\000m\000a\000l\000i\000z\000a\000t\000i\000o\000n}{section.3.3}% 60
\BOOKMARK [2][-]{subsection.3.3.5}{\376\377\000E\000x\000t\000e\000n\000d\000e\000d\000\040\000W\000e\000b\000\040\000P\000a\000r\000s\000i\000n\000g\000\040\000C\000a\000p\000a\000b\000i\000l\000i\000t\000i\000e\000s}{section.3.3}% 61
\BOOKMARK [1][-]{section.3.4}{\376\377\000D\000a\000t\000a\000\040\000M\000o\000d\000e\000l\000i\000n\000g\000\040\000\050\000L\000e\000v\000e\000l\000s\000\040\000+\000\040\000C\000l\000u\000s\000t\000e\000r\000i\000n\000g\000\051}{chapter.3}% 62
\BOOKMARK [2][-]{subsection.3.4.1}{\376\377\000F\000e\000a\000t\000u\000r\000e\000\040\000E\000n\000g\000i\000n\000e\000e\000r\000i\000n\000g\000\040\000a\000n\000d\000\040\000V\000e\000c\000t\000o\000r\000\040\000R\000e\000p\000r\000e\000s\000e\000n\000t\000a\000t\000i\000o\000n}{section.3.4}% 63
\BOOKMARK [2][-]{subsection.3.4.2}{\376\377\000P\000r\000e\000-\000C\000l\000u\000s\000t\000e\000r\000i\000n\000g\000\040\000D\000a\000t\000a\000\040\000M\000o\000d\000e\000l\000i\000n\000g}{section.3.4}% 64
\BOOKMARK [2][-]{subsection.3.4.3}{\376\377\000V\000e\000c\000t\000o\000r\000\040\000S\000p\000a\000c\000e\000\040\000C\000o\000n\000s\000t\000r\000u\000c\000t\000i\000o\000n}{section.3.4}% 65
\BOOKMARK [2][-]{subsection.3.4.4}{\376\377\000V\000e\000c\000t\000o\000r\000i\000z\000a\000t\000i\000o\000n\000\040\000a\000n\000d\000\040\000H\000D\000B\000S\000C\000A\000N\000\040\000C\000l\000u\000s\000t\000e\000r\000i\000n\000g\000\040\000I\000n\000t\000e\000g\000r\000a\000t\000i\000o\000n}{section.3.4}% 66
\BOOKMARK [2][-]{subsection.3.4.5}{\376\377\000P\000o\000s\000t\000-\000C\000l\000u\000s\000t\000e\000r\000i\000n\000g\000\040\000D\000a\000t\000a\000\040\000M\000o\000d\000e\000l\000i\000n\000g}{section.3.4}% 67
\BOOKMARK [2][-]{subsection.3.4.6}{\376\377\000V\000i\000s\000u\000a\000l\000i\000z\000a\000t\000i\000o\000n\000\040\000o\000f\000\040\000C\000l\000u\000s\000t\000e\000r\000e\000d\000\040\000E\000l\000e\000m\000e\000n\000t\000s}{section.3.4}% 68
\BOOKMARK [1][-]{section.3.5}{\376\377\000D\000a\000t\000a\000\040\000M\000i\000n\000i\000n\000g}{chapter.3}% 69
\BOOKMARK [2][-]{subsection.3.5.1}{\376\377\000T\000r\000a\000n\000s\000i\000t\000i\000o\000n\000\040\000M\000a\000t\000r\000i\000x\000\040\000C\000o\000n\000s\000t\000r\000u\000c\000t\000i\000o\000n}{section.3.5}% 70
\BOOKMARK [2][-]{subsection.3.5.2}{\376\377\000C\000l\000u\000s\000t\000e\000r\000\040\000P\000o\000s\000i\000t\000i\000o\000n\000a\000l\000\040\000S\000t\000a\000t\000i\000s\000t\000i\000c\000s}{section.3.5}% 71
\BOOKMARK [2][-]{subsection.3.5.3}{\376\377\000R\000o\000l\000e\000\040\000V\000e\000c\000t\000o\000r\000\040\000C\000o\000n\000s\000t\000r\000u\000c\000t\000i\000o\000n}{section.3.5}% 72
\BOOKMARK [2][-]{subsection.3.5.4}{\376\377\000E\000x\000t\000e\000n\000d\000e\000d\000\040\000D\000a\000t\000a\000\040\000M\000i\000n\000i\000n\000g\000\040\000T\000e\000c\000h\000n\000i\000q\000u\000e\000s}{section.3.5}% 73
\BOOKMARK [1][-]{section.3.6}{\376\377\000S\000i\000m\000i\000l\000a\000r\000i\000t\000y\000\040\000A\000n\000a\000l\000y\000s\000i\000s}{chapter.3}% 74
\BOOKMARK [2][-]{subsection.3.6.1}{\376\377\000M\000u\000l\000t\000i\000-\000D\000i\000m\000e\000n\000s\000i\000o\000n\000a\000l\000\040\000R\000o\000l\000e\000\040\000V\000e\000c\000t\000o\000r\000\040\000C\000o\000n\000s\000t\000r\000u\000c\000t\000i\000o\000n}{section.3.6}% 75
\BOOKMARK [2][-]{subsection.3.6.2}{\376\377\000C\000o\000m\000p\000l\000e\000t\000e\000\040\000R\000o\000l\000e\000\040\000V\000e\000c\000t\000o\000r\000\040\000S\000p\000e\000c\000i\000f\000i\000c\000a\000t\000i\000o\000n}{section.3.6}% 76
\BOOKMARK [2][-]{subsection.3.6.3}{\376\377\000B\000e\000s\000t\000\040\000S\000e\000t\000t\000i\000n\000g\000\040\000E\000x\000t\000r\000a\000c\000t\000i\000o\000n}{section.3.6}% 77
\BOOKMARK [2][-]{subsection.3.6.4}{\376\377\000E\000x\000t\000e\000n\000d\000e\000d\000\040\000S\000i\000m\000i\000l\000a\000r\000i\000t\000y\000\040\000A\000n\000a\000l\000y\000s\000i\000s\000\040\000F\000r\000a\000m\000e\000w\000o\000r\000k}{section.3.6}% 78
\BOOKMARK [2][-]{subsection.3.6.5}{\376\377\000B\000e\000s\000t\000\040\000L\000e\000v\000e\000l\000\040\000S\000e\000l\000e\000c\000t\000i\000o\000n\000\040\000A\000l\000g\000o\000r\000i\000t\000h\000m}{section.3.6}% 79
\BOOKMARK [1][-]{section.3.7}{\376\377\000P\000r\000e\000s\000e\000n\000t\000a\000t\000i\000o\000n\000\040\000o\000f\000\040\000R\000e\000s\000u\000l\000t\000i\000n\000g\000\040\000A\000n\000a\000l\000y\000s\000i\000s}{chapter.3}% 80
\BOOKMARK [2][-]{subsection.3.7.1}{\376\377\000S\000i\000m\000i\000l\000a\000r\000i\000t\000y\000\040\000M\000a\000t\000r\000i\000x\000\040\000C\000o\000n\000s\000t\000r\000u\000c\000t\000i\000o\000n}{section.3.7}% 81
\BOOKMARK [2][-]{subsection.3.7.2}{\376\377\000I\000n\000t\000e\000r\000a\000c\000t\000i\000v\000e\000\040\000V\000i\000s\000u\000a\000l\000i\000z\000a\000t\000i\000o\000n\000\040\000F\000r\000a\000m\000e\000w\000o\000r\000k}{section.3.7}% 82
\BOOKMARK [2][-]{subsection.3.7.3}{\376\377\000R\000e\000s\000u\000l\000t\000\040\000I\000n\000t\000e\000r\000p\000r\000e\000t\000a\000t\000i\000o\000n\000\040\000G\000u\000i\000d\000e\000l\000i\000n\000e\000s}{section.3.7}% 83
\BOOKMARK [2][-]{subsection.3.7.4}{\376\377\000E\000x\000t\000e\000n\000d\000e\000d\000\040\000P\000r\000e\000s\000e\000n\000t\000a\000t\000i\000o\000n\000\040\000a\000n\000d\000\040\000E\000x\000p\000o\000r\000t\000\040\000F\000e\000a\000t\000u\000r\000e\000s}{section.3.7}% 84
\BOOKMARK [1][-]{section.3.8}{\376\377\000U\000s\000a\000g\000e\000\040\000a\000n\000d\000\040\000P\000a\000r\000a\000m\000e\000t\000e\000r\000s}{chapter.3}% 85
\BOOKMARK [2][-]{subsection.3.8.1}{\376\377\000S\000y\000s\000t\000e\000m\000\040\000C\000o\000n\000f\000i\000g\000u\000r\000a\000t\000i\000o\000n\000\040\000P\000a\000r\000a\000m\000e\000t\000e\000r\000s}{section.3.8}% 86
\BOOKMARK [2][-]{subsection.3.8.2}{\376\377\000P\000e\000r\000f\000o\000r\000m\000a\000n\000c\000e\000\040\000T\000u\000n\000i\000n\000g\000\040\000G\000u\000i\000d\000e\000l\000i\000n\000e\000s}{section.3.8}% 87
\BOOKMARK [2][-]{subsection.3.8.3}{\376\377\000U\000s\000a\000g\000e\000\040\000R\000e\000c\000o\000m\000m\000e\000n\000d\000a\000t\000i\000o\000n\000s}{section.3.8}% 88
\BOOKMARK [1][-]{section.3.9}{\376\377\000P\000e\000r\000f\000o\000r\000m\000a\000n\000c\000e\000\040\000O\000p\000t\000i\000m\000i\000z\000a\000t\000i\000o\000n\000\040\000a\000n\000d\000\040\000S\000c\000a\000l\000a\000b\000i\000l\000i\000t\000y}{chapter.3}% 89
\BOOKMARK [2][-]{subsection.3.9.1}{\376\377\000P\000e\000r\000f\000o\000r\000m\000a\000n\000c\000e\000\040\000M\000o\000n\000i\000t\000o\000r\000i\000n\000g}{section.3.9}% 90
\BOOKMARK [1][-]{section.3.10}{\376\377\000M\000e\000t\000h\000o\000d\000o\000l\000o\000g\000y\000\040\000V\000a\000l\000i\000d\000a\000t\000i\000o\000n\000\040\000a\000n\000d\000\040\000Q\000u\000a\000l\000i\000t\000y\000\040\000A\000s\000s\000u\000r\000a\000n\000c\000e}{chapter.3}% 91
\BOOKMARK [2][-]{subsection.3.10.1}{\376\377\000A\000l\000g\000o\000r\000i\000t\000h\000m\000i\000c\000\040\000R\000o\000b\000u\000s\000t\000n\000e\000s\000s}{section.3.10}% 92
\BOOKMARK [1][-]{section.3.11}{\376\377\000M\000e\000t\000h\000o\000d\000o\000l\000o\000g\000y\000\040\000S\000u\000m\000m\000a\000r\000y}{chapter.3}% 93
\BOOKMARK [0][-]{chapter.4}{\376\377\000S\000y\000s\000t\000e\000m\000\040\000I\000m\000p\000l\000e\000m\000e\000n\000t\000a\000t\000i\000o\000n}{}% 94
\BOOKMARK [1][-]{section.4.1}{\376\377\000S\000y\000s\000t\000e\000m\000\040\000A\000r\000c\000h\000i\000t\000e\000c\000t\000u\000r\000e\000\040\000O\000v\000e\000r\000v\000i\000e\000w}{chapter.4}% 95
\BOOKMARK [1][-]{section.4.2}{\376\377\000B\000a\000c\000k\000e\000n\000d\000\040\000I\000m\000p\000l\000e\000m\000e\000n\000t\000a\000t\000i\000o\000n}{chapter.4}% 96
\BOOKMARK [2][-]{subsection.4.2.1}{\376\377\000C\000o\000r\000e\000\040\000P\000r\000o\000c\000e\000s\000s\000i\000n\000g\000\040\000E\000n\000g\000i\000n\000e}{section.4.2}% 97
\BOOKMARK [2][-]{subsection.4.2.2}{\376\377\000M\000u\000l\000t\000i\000-\000L\000e\000v\000e\000l\000\040\000A\000n\000a\000l\000y\000s\000i\000s\000\040\000I\000m\000p\000l\000e\000m\000e\000n\000t\000a\000t\000i\000o\000n}{section.4.2}% 98
\BOOKMARK [1][-]{section.4.3}{\376\377\000A\000P\000I\000\040\000I\000m\000p\000l\000e\000m\000e\000n\000t\000a\000t\000i\000o\000n}{chapter.4}% 99
\BOOKMARK [2][-]{subsection.4.3.1}{\376\377\000F\000a\000s\000t\000A\000P\000I\000\040\000S\000e\000r\000v\000e\000r\000\040\000A\000r\000c\000h\000i\000t\000e\000c\000t\000u\000r\000e}{section.4.3}% 100
\BOOKMARK [2][-]{subsection.4.3.2}{\376\377\000F\000i\000l\000e\000\040\000S\000e\000r\000v\000i\000n\000g\000\040\000I\000n\000f\000r\000a\000s\000t\000r\000u\000c\000t\000u\000r\000e}{section.4.3}% 101
\BOOKMARK [1][-]{section.4.4}{\376\377\000F\000r\000o\000n\000t\000e\000n\000d\000\040\000I\000m\000p\000l\000e\000m\000e\000n\000t\000a\000t\000i\000o\000n}{chapter.4}% 102
\BOOKMARK [2][-]{subsection.4.4.1}{\376\377\000R\000e\000a\000c\000t\000\040\000A\000p\000p\000l\000i\000c\000a\000t\000i\000o\000n\000\040\000A\000r\000c\000h\000i\000t\000e\000c\000t\000u\000r\000e}{section.4.4}% 103
\BOOKMARK [2][-]{subsection.4.4.2}{\376\377\000U\000s\000e\000r\000\040\000I\000n\000t\000e\000r\000f\000a\000c\000e\000\040\000F\000e\000a\000t\000u\000r\000e\000s}{section.4.4}% 104
\BOOKMARK [2][-]{subsection.4.4.3}{\376\377\000I\000n\000t\000e\000g\000r\000a\000t\000i\000o\000n\000\040\000w\000i\000t\000h\000\040\000B\000a\000c\000k\000e\000n\000d\000\040\000S\000e\000r\000v\000i\000c\000e\000s}{section.4.4}% 105
\BOOKMARK [1][-]{section.4.5}{\376\377\000P\000e\000r\000f\000o\000r\000m\000a\000n\000c\000e\000\040\000O\000p\000t\000i\000m\000i\000z\000a\000t\000i\000o\000n\000\040\000I\000m\000p\000l\000e\000m\000e\000n\000t\000a\000t\000i\000o\000n}{chapter.4}% 106
\BOOKMARK [2][-]{subsection.4.5.1}{\376\377\000O\000p\000t\000i\000m\000i\000z\000a\000t\000i\000o\000n\000\040\000S\000t\000r\000a\000t\000e\000g\000y}{section.4.5}% 107
\BOOKMARK [2][-]{subsection.4.5.2}{\376\377\000S\000c\000a\000l\000a\000b\000i\000l\000i\000t\000y\000\040\000C\000o\000n\000s\000i\000d\000e\000r\000a\000t\000i\000o\000n\000s}{section.4.5}% 108
\BOOKMARK [1][-]{section.4.6}{\376\377\000D\000e\000p\000l\000o\000y\000m\000e\000n\000t\000\040\000a\000n\000d\000\040\000C\000o\000n\000f\000i\000g\000u\000r\000a\000t\000i\000o\000n}{chapter.4}% 109
\BOOKMARK [2][-]{subsection.4.6.1}{\376\377\000D\000e\000v\000e\000l\000o\000p\000m\000e\000n\000t\000\040\000E\000n\000v\000i\000r\000o\000n\000m\000e\000n\000t\000\040\000S\000e\000t\000u\000p}{section.4.6}% 110
\BOOKMARK [2][-]{subsection.4.6.2}{\376\377\000P\000r\000o\000c\000e\000s\000s\000\040\000M\000a\000n\000a\000g\000e\000m\000e\000n\000t\000\040\000a\000n\000d\000\040\000E\000x\000e\000c\000u\000t\000i\000o\000n}{section.4.6}% 111
\BOOKMARK [2][-]{subsection.4.6.3}{\376\377\000P\000r\000o\000d\000u\000c\000t\000i\000o\000n\000\040\000D\000e\000p\000l\000o\000y\000m\000e\000n\000t\000\040\000C\000o\000n\000s\000i\000d\000e\000r\000a\000t\000i\000o\000n\000s}{section.4.6}% 112
\BOOKMARK [1][-]{section.4.7}{\376\377\000I\000m\000p\000l\000e\000m\000e\000n\000t\000a\000t\000i\000o\000n\000\040\000S\000u\000m\000m\000a\000r\000y}{chapter.4}% 113
\BOOKMARK [0][-]{chapter.5}{\376\377\000E\000x\000p\000e\000r\000i\000m\000e\000n\000t\000s\000\040\000a\000n\000d\000\040\000E\000v\000a\000l\000u\000a\000t\000i\000o\000n}{}% 114
\BOOKMARK [1][-]{section.5.1}{\376\377\000E\000x\000p\000e\000r\000i\000m\000e\000n\000t\000a\000l\000\040\000D\000e\000s\000i\000g\000n}{chapter.5}% 115
\BOOKMARK [2][-]{subsection.5.1.1}{\376\377\000R\000e\000s\000e\000a\000r\000c\000h\000\040\000Q\000u\000e\000s\000t\000i\000o\000n\000s}{section.5.1}% 116
\BOOKMARK [2][-]{subsection.5.1.2}{\376\377\000E\000v\000a\000l\000u\000a\000t\000i\000o\000n\000\040\000M\000e\000t\000r\000i\000c\000s}{section.5.1}% 117
\BOOKMARK [1][-]{section.5.2}{\376\377\000D\000a\000t\000a\000s\000e\000t\000\040\000D\000e\000s\000c\000r\000i\000p\000t\000i\000o\000n}{chapter.5}% 118
\BOOKMARK [2][-]{subsection.5.2.1}{\376\377\000W\000e\000b\000s\000i\000t\000e\000\040\000C\000a\000t\000e\000g\000o\000r\000i\000e\000s}{section.5.2}% 119
\BOOKMARK [1][-]{section.5.3}{\376\377\000E\000x\000p\000e\000r\000i\000m\000e\000n\000t\000a\000l\000\040\000R\000e\000s\000u\000l\000t\000s}{chapter.5}% 120
\BOOKMARK [2][-]{subsection.5.3.1}{\376\377\000C\000l\000u\000s\000t\000e\000r\000i\000n\000g\000\040\000Q\000u\000a\000l\000i\000t\000y\000\040\000A\000n\000a\000l\000y\000s\000i\000s}{section.5.3}% 121
\BOOKMARK [2][-]{subsection.5.3.2}{\376\377\000P\000e\000r\000f\000o\000r\000m\000a\000n\000c\000e\000\040\000S\000c\000a\000l\000a\000b\000i\000l\000i\000t\000y}{section.5.3}% 122
\BOOKMARK [2][-]{subsection.5.3.3}{\376\377\000S\000y\000s\000t\000e\000m\000\040\000P\000e\000r\000f\000o\000r\000m\000a\000n\000c\000e\000\040\000A\000n\000a\000l\000y\000s\000i\000s}{section.5.3}% 123
\BOOKMARK [1][-]{section.5.4}{\376\377\000C\000o\000m\000p\000a\000r\000a\000t\000i\000v\000e\000\040\000A\000n\000a\000l\000y\000s\000i\000s}{chapter.5}% 124
\BOOKMARK [2][-]{subsection.5.4.1}{\376\377\000A\000l\000g\000o\000r\000i\000t\000h\000m\000\040\000C\000o\000m\000p\000a\000r\000i\000s\000o\000n}{section.5.4}% 125
\BOOKMARK [2][-]{subsection.5.4.2}{\376\377\000F\000e\000a\000t\000u\000r\000e\000\040\000I\000m\000p\000o\000r\000t\000a\000n\000c\000e\000\040\000A\000n\000a\000l\000y\000s\000i\000s}{section.5.4}% 126
\BOOKMARK [1][-]{section.5.5}{\376\377\000S\000t\000a\000t\000i\000s\000t\000i\000c\000a\000l\000\040\000V\000a\000l\000i\000d\000a\000t\000i\000o\000n}{chapter.5}% 127
\BOOKMARK [2][-]{subsection.5.5.1}{\376\377\000S\000i\000g\000n\000i\000f\000i\000c\000a\000n\000c\000e\000\040\000T\000e\000s\000t\000i\000n\000g}{section.5.5}% 128
\BOOKMARK [2][-]{subsection.5.5.2}{\376\377\000C\000r\000o\000s\000s\000-\000V\000a\000l\000i\000d\000a\000t\000i\000o\000n\000\040\000R\000e\000s\000u\000l\000t\000s}{section.5.5}% 129
\BOOKMARK [1][-]{section.5.6}{\376\377\000E\000r\000r\000o\000r\000\040\000A\000n\000a\000l\000y\000s\000i\000s\000\040\000a\000n\000d\000\040\000L\000i\000m\000i\000t\000a\000t\000i\000o\000n\000s}{chapter.5}% 130
\BOOKMARK [2][-]{subsection.5.6.1}{\376\377\000F\000a\000i\000l\000u\000r\000e\000\040\000C\000a\000s\000e\000\040\000A\000n\000a\000l\000y\000s\000i\000s}{section.5.6}% 131
\BOOKMARK [2][-]{subsection.5.6.2}{\376\377\000Q\000u\000a\000l\000i\000t\000y\000\040\000D\000e\000g\000r\000a\000d\000a\000t\000i\000o\000n\000\040\000F\000a\000c\000t\000o\000r\000s}{section.5.6}% 132
\BOOKMARK [1][-]{section.5.7}{\376\377\000P\000r\000a\000c\000t\000i\000c\000a\000l\000\040\000I\000m\000p\000l\000i\000c\000a\000t\000i\000o\000n\000s}{chapter.5}% 133
\BOOKMARK [2][-]{subsection.5.7.1}{\376\377\000R\000e\000a\000l\000-\000W\000o\000r\000l\000d\000\040\000A\000p\000p\000l\000i\000c\000a\000b\000i\000l\000i\000t\000y}{section.5.7}% 134
\BOOKMARK [2][-]{subsection.5.7.2}{\376\377\000P\000e\000r\000f\000o\000r\000m\000a\000n\000c\000e\000\040\000R\000e\000c\000o\000m\000m\000e\000n\000d\000a\000t\000i\000o\000n\000s}{section.5.7}% 135
\BOOKMARK [1][-]{section.5.8}{\376\377\000S\000u\000m\000m\000a\000r\000y\000\040\000o\000f\000\040\000E\000x\000p\000e\000r\000i\000m\000e\000n\000t\000a\000l\000\040\000F\000i\000n\000d\000i\000n\000g\000s}{chapter.5}% 136
\BOOKMARK [0][-]{chapter.6}{\376\377\000R\000e\000s\000u\000l\000t\000s\000\040\000a\000n\000d\000\040\000D\000i\000s\000c\000u\000s\000s\000i\000o\000n}{}% 137
\BOOKMARK [1][-]{section.6.1}{\376\377\000C\000l\000u\000s\000t\000e\000r\000i\000n\000g\000\040\000P\000e\000r\000f\000o\000r\000m\000a\000n\000c\000e\000\040\000R\000e\000s\000u\000l\000t\000s}{chapter.6}% 138
\BOOKMARK [2][-]{subsection.6.1.1}{\376\377\000O\000v\000e\000r\000a\000l\000l\000\040\000C\000l\000u\000s\000t\000e\000r\000i\000n\000g\000\040\000Q\000u\000a\000l\000i\000t\000y}{section.6.1}% 139
\BOOKMARK [2][-]{subsection.6.1.2}{\376\377\000D\000o\000m\000a\000i\000n\000-\000S\000p\000e\000c\000i\000f\000i\000c\000\040\000P\000e\000r\000f\000o\000r\000m\000a\000n\000c\000e}{section.6.1}% 140
\BOOKMARK [1][-]{section.6.2}{\376\377\000S\000i\000m\000i\000l\000a\000r\000i\000t\000y\000\040\000M\000e\000a\000s\000u\000r\000e\000m\000e\000n\000t\000\040\000R\000e\000s\000u\000l\000t\000s}{chapter.6}% 141
\BOOKMARK [2][-]{subsection.6.2.1}{\376\377\000I\000n\000d\000i\000v\000i\000d\000u\000a\000l\000\040\000M\000e\000t\000r\000i\000c\000\040\000P\000e\000r\000f\000o\000r\000m\000a\000n\000c\000e}{section.6.2}% 142
\BOOKMARK [2][-]{subsection.6.2.2}{\376\377\000C\000o\000m\000b\000i\000n\000e\000d\000\040\000M\000e\000t\000r\000i\000c\000\040\000E\000f\000f\000e\000c\000t\000i\000v\000e\000n\000e\000s\000s}{section.6.2}% 143
\BOOKMARK [1][-]{section.6.3}{\376\377\000C\000o\000m\000p\000u\000t\000a\000t\000i\000o\000n\000a\000l\000\040\000P\000e\000r\000f\000o\000r\000m\000a\000n\000c\000e\000\040\000R\000e\000s\000u\000l\000t\000s}{chapter.6}% 144
\BOOKMARK [2][-]{subsection.6.3.1}{\376\377\000P\000r\000o\000c\000e\000s\000s\000i\000n\000g\000\040\000T\000i\000m\000e\000\040\000A\000n\000a\000l\000y\000s\000i\000s}{section.6.3}% 145
\BOOKMARK [2][-]{subsection.6.3.2}{\376\377\000M\000e\000m\000o\000r\000y\000\040\000U\000s\000a\000g\000e\000\040\000C\000h\000a\000r\000a\000c\000t\000e\000r\000i\000s\000t\000i\000c\000s}{section.6.3}% 146
\BOOKMARK [1][-]{section.6.4}{\376\377\000F\000e\000a\000t\000u\000r\000e\000\040\000E\000n\000g\000i\000n\000e\000e\000r\000i\000n\000g\000\040\000A\000n\000a\000l\000y\000s\000i\000s}{chapter.6}% 147
\BOOKMARK [2][-]{subsection.6.4.1}{\376\377\000F\000e\000a\000t\000u\000r\000e\000\040\000C\000o\000m\000p\000o\000n\000e\000n\000t\000\040\000C\000o\000n\000t\000r\000i\000b\000u\000t\000i\000o\000n\000s}{section.6.4}% 148
\BOOKMARK [1][-]{section.6.5}{\376\377\000C\000o\000m\000p\000a\000r\000a\000t\000i\000v\000e\000\040\000A\000n\000a\000l\000y\000s\000i\000s\000\040\000R\000e\000s\000u\000l\000t\000s}{chapter.6}% 149
\BOOKMARK [2][-]{subsection.6.5.1}{\376\377\000P\000e\000r\000f\000o\000r\000m\000a\000n\000c\000e\000\040\000A\000g\000a\000i\000n\000s\000t\000\040\000B\000a\000s\000e\000l\000i\000n\000e\000s}{section.6.5}% 150
\BOOKMARK [1][-]{section.6.6}{\376\377\000C\000a\000s\000e\000\040\000S\000t\000u\000d\000y\000\040\000R\000e\000s\000u\000l\000t\000s}{chapter.6}% 151
\BOOKMARK [2][-]{subsection.6.6.1}{\376\377\000E\000-\000c\000o\000m\000m\000e\000r\000c\000e\000\040\000T\000e\000m\000p\000l\000a\000t\000e\000\040\000D\000e\000t\000e\000c\000t\000i\000o\000n}{section.6.6}% 152
\BOOKMARK [2][-]{subsection.6.6.2}{\376\377\000N\000e\000w\000s\000\040\000W\000e\000b\000s\000i\000t\000e\000\040\000P\000a\000t\000t\000e\000r\000n\000\040\000A\000n\000a\000l\000y\000s\000i\000s}{section.6.6}% 153
\BOOKMARK [1][-]{section.6.7}{\376\377\000S\000y\000s\000t\000e\000m\000\040\000V\000a\000l\000i\000d\000a\000t\000i\000o\000n\000\040\000R\000e\000s\000u\000l\000t\000s}{chapter.6}% 154
\BOOKMARK [2][-]{subsection.6.7.1}{\376\377\000E\000x\000p\000e\000r\000t\000\040\000C\000l\000a\000s\000s\000i\000f\000i\000c\000a\000t\000i\000o\000n\000\040\000C\000o\000r\000r\000e\000l\000a\000t\000i\000o\000n}{section.6.7}% 155
\BOOKMARK [1][-]{section.6.8}{\376\377\000D\000i\000s\000c\000u\000s\000s\000i\000o\000n\000\040\000o\000f\000\040\000F\000i\000n\000d\000i\000n\000g\000s}{chapter.6}% 156
\BOOKMARK [2][-]{subsection.6.8.1}{\376\377\000M\000e\000t\000h\000o\000d\000o\000l\000o\000g\000i\000c\000a\000l\000\040\000C\000o\000n\000t\000r\000i\000b\000u\000t\000i\000o\000n\000s}{section.6.8}% 157
\BOOKMARK [2][-]{subsection.6.8.2}{\376\377\000P\000r\000a\000c\000t\000i\000c\000a\000l\000\040\000I\000m\000p\000l\000i\000c\000a\000t\000i\000o\000n\000s}{section.6.8}% 158
\BOOKMARK [2][-]{subsection.6.8.3}{\376\377\000T\000e\000c\000h\000n\000i\000c\000a\000l\000\040\000I\000n\000s\000i\000g\000h\000t\000s}{section.6.8}% 159
\BOOKMARK [1][-]{section.6.9}{\376\377\000L\000i\000m\000i\000t\000a\000t\000i\000o\000n\000s\000\040\000a\000n\000d\000\040\000C\000h\000a\000l\000l\000e\000n\000g\000e\000s}{chapter.6}% 160
\BOOKMARK [2][-]{subsection.6.9.1}{\376\377\000D\000y\000n\000a\000m\000i\000c\000\040\000C\000o\000n\000t\000e\000n\000t\000\040\000H\000a\000n\000d\000l\000i\000n\000g}{section.6.9}% 161
\BOOKMARK [2][-]{subsection.6.9.2}{\376\377\000C\000r\000o\000s\000s\000-\000B\000r\000o\000w\000s\000e\000r\000\040\000V\000a\000r\000i\000a\000t\000i\000o\000n\000s}{section.6.9}% 162
\BOOKMARK [2][-]{subsection.6.9.3}{\376\377\000C\000u\000l\000t\000u\000r\000a\000l\000\040\000a\000n\000d\000\040\000L\000i\000n\000g\000u\000i\000s\000t\000i\000c\000\040\000F\000a\000c\000t\000o\000r\000s}{section.6.9}% 163
\BOOKMARK [2][-]{subsection.6.9.4}{\376\377\000S\000c\000a\000l\000a\000b\000i\000l\000i\000t\000y\000\040\000C\000o\000n\000s\000i\000d\000e\000r\000a\000t\000i\000o\000n\000s}{section.6.9}% 164
\BOOKMARK [1][-]{section.6.10}{\376\377\000F\000u\000t\000u\000r\000e\000\040\000W\000o\000r\000k\000\040\000I\000m\000p\000l\000i\000c\000a\000t\000i\000o\000n\000s}{chapter.6}% 165
\BOOKMARK [2][-]{subsection.6.10.1}{\376\377\000E\000n\000h\000a\000n\000c\000e\000d\000\040\000D\000y\000n\000a\000m\000i\000c\000\040\000C\000o\000n\000t\000e\000n\000t\000\040\000S\000u\000p\000p\000o\000r\000t}{section.6.10}% 166
\BOOKMARK [2][-]{subsection.6.10.2}{\376\377\000C\000r\000o\000s\000s\000-\000B\000r\000o\000w\000s\000e\000r\000\040\000C\000o\000m\000p\000a\000t\000i\000b\000i\000l\000i\000t\000y}{section.6.10}% 167
\BOOKMARK [2][-]{subsection.6.10.3}{\376\377\000M\000a\000c\000h\000i\000n\000e\000\040\000L\000e\000a\000r\000n\000i\000n\000g\000\040\000I\000n\000t\000e\000g\000r\000a\000t\000i\000o\000n}{section.6.10}% 168
\BOOKMARK [2][-]{subsection.6.10.4}{\376\377\000P\000e\000r\000f\000o\000r\000m\000a\000n\000c\000e\000\040\000O\000p\000t\000i\000m\000i\000z\000a\000t\000i\000o\000n\000\040\000E\000n\000h\000a\000n\000c\000e\000m\000e\000n\000t\000s}{section.6.10}% 169
\BOOKMARK [1][-]{section.6.11}{\376\377\000R\000e\000s\000u\000l\000t\000s\000\040\000S\000u\000m\000m\000a\000r\000y}{chapter.6}% 170
\BOOKMARK [0][-]{chapter.7}{\376\377\000C\000o\000n\000c\000l\000u\000s\000i\000o\000n\000\040\000a\000n\000d\000\040\000F\000u\000t\000u\000r\000e\000\040\000W\000o\000r\000k}{}% 171
\BOOKMARK [1][-]{section.7.1}{\376\377\000S\000u\000m\000m\000a\000r\000y\000\040\000o\000f\000\040\000C\000o\000n\000t\000r\000i\000b\000u\000t\000i\000o\000n\000s}{chapter.7}% 172
\BOOKMARK [2][-]{subsection.7.1.1}{\376\377\000P\000r\000i\000m\000a\000r\000y\000\040\000R\000e\000s\000e\000a\000r\000c\000h\000\040\000C\000o\000n\000t\000r\000i\000b\000u\000t\000i\000o\000n\000s}{section.7.1}% 173
\BOOKMARK [1][-]{section.7.2}{\376\377\000K\000e\000y\000\040\000R\000e\000s\000e\000a\000r\000c\000h\000\040\000F\000i\000n\000d\000i\000n\000g\000s}{chapter.7}% 174
\BOOKMARK [2][-]{subsection.7.2.1}{\376\377\000O\000p\000t\000i\000m\000a\000l\000\040\000A\000n\000a\000l\000y\000s\000i\000s\000\040\000C\000o\000n\000f\000i\000g\000u\000r\000a\000t\000i\000o\000n}{section.7.2}% 175
\BOOKMARK [2][-]{subsection.7.2.2}{\376\377\000P\000e\000r\000f\000o\000r\000m\000a\000n\000c\000e\000\040\000a\000n\000d\000\040\000A\000c\000c\000u\000r\000a\000c\000y\000\040\000R\000e\000s\000u\000l\000t\000s}{section.7.2}% 176
\BOOKMARK [2][-]{subsection.7.2.3}{\376\377\000D\000o\000m\000a\000i\000n\000-\000S\000p\000e\000c\000i\000f\000i\000c\000\040\000P\000e\000r\000f\000o\000r\000m\000a\000n\000c\000e\000\040\000P\000a\000t\000t\000e\000r\000n\000s}{section.7.2}% 177
\BOOKMARK [2][-]{subsection.7.2.4}{\376\377\000F\000e\000a\000t\000u\000r\000e\000\040\000I\000m\000p\000o\000r\000t\000a\000n\000c\000e\000\040\000A\000n\000a\000l\000y\000s\000i\000s}{section.7.2}% 178
\BOOKMARK [1][-]{section.7.3}{\376\377\000T\000h\000e\000o\000r\000e\000t\000i\000c\000a\000l\000\040\000a\000n\000d\000\040\000P\000r\000a\000c\000t\000i\000c\000a\000l\000\040\000I\000m\000p\000l\000i\000c\000a\000t\000i\000o\000n\000s}{chapter.7}% 179
\BOOKMARK [2][-]{subsection.7.3.1}{\376\377\000T\000h\000e\000o\000r\000e\000t\000i\000c\000a\000l\000\040\000I\000m\000p\000l\000i\000c\000a\000t\000i\000o\000n\000s}{section.7.3}% 180
\BOOKMARK [2][-]{subsection.7.3.2}{\376\377\000P\000r\000a\000c\000t\000i\000c\000a\000l\000\040\000A\000p\000p\000l\000i\000c\000a\000t\000i\000o\000n\000s}{section.7.3}% 181
\BOOKMARK [1][-]{section.7.4}{\376\377\000L\000i\000m\000i\000t\000a\000t\000i\000o\000n\000s\000\040\000a\000n\000d\000\040\000C\000h\000a\000l\000l\000e\000n\000g\000e\000s}{chapter.7}% 182
\BOOKMARK [2][-]{subsection.7.4.1}{\376\377\000T\000e\000c\000h\000n\000i\000c\000a\000l\000\040\000L\000i\000m\000i\000t\000a\000t\000i\000o\000n\000s}{section.7.4}% 183
\BOOKMARK [2][-]{subsection.7.4.2}{\376\377\000M\000e\000t\000h\000o\000d\000o\000l\000o\000g\000i\000c\000a\000l\000\040\000L\000i\000m\000i\000t\000a\000t\000i\000o\000n\000s}{section.7.4}% 184
\BOOKMARK [1][-]{section.7.5}{\376\377\000F\000u\000t\000u\000r\000e\000\040\000W\000o\000r\000k\000\040\000D\000i\000r\000e\000c\000t\000i\000o\000n\000s}{chapter.7}% 185
\BOOKMARK [2][-]{subsection.7.5.1}{\376\377\000E\000n\000h\000a\000n\000c\000e\000d\000\040\000D\000y\000n\000a\000m\000i\000c\000\040\000C\000o\000n\000t\000e\000n\000t\000\040\000S\000u\000p\000p\000o\000r\000t}{section.7.5}% 186
\BOOKMARK [2][-]{subsection.7.5.2}{\376\377\000C\000r\000o\000s\000s\000-\000B\000r\000o\000w\000s\000e\000r\000\040\000a\000n\000d\000\040\000C\000r\000o\000s\000s\000-\000P\000l\000a\000t\000f\000o\000r\000m\000\040\000A\000n\000a\000l\000y\000s\000i\000s}{section.7.5}% 187
\BOOKMARK [2][-]{subsection.7.5.3}{\376\377\000M\000a\000c\000h\000i\000n\000e\000\040\000L\000e\000a\000r\000n\000i\000n\000g\000\040\000I\000n\000t\000e\000g\000r\000a\000t\000i\000o\000n}{section.7.5}% 188
\BOOKMARK [2][-]{subsection.7.5.4}{\376\377\000S\000e\000m\000a\000n\000t\000i\000c\000\040\000a\000n\000d\000\040\000C\000o\000n\000t\000e\000n\000t\000\040\000I\000n\000t\000e\000g\000r\000a\000t\000i\000o\000n}{section.7.5}% 189
\BOOKMARK [2][-]{subsection.7.5.5}{\376\377\000S\000c\000a\000l\000a\000b\000i\000l\000i\000t\000y\000\040\000a\000n\000d\000\040\000P\000e\000r\000f\000o\000r\000m\000a\000n\000c\000e\000\040\000E\000n\000h\000a\000n\000c\000e\000m\000e\000n\000t\000s}{section.7.5}% 190
\BOOKMARK [1][-]{section.7.6}{\376\377\000B\000r\000o\000a\000d\000e\000r\000\040\000I\000m\000p\000a\000c\000t\000\040\000a\000n\000d\000\040\000S\000i\000g\000n\000i\000f\000i\000c\000a\000n\000c\000e}{chapter.7}% 191
\BOOKMARK [2][-]{subsection.7.6.1}{\376\377\000W\000e\000b\000\040\000M\000i\000n\000i\000n\000g\000\040\000a\000n\000d\000\040\000I\000n\000f\000o\000r\000m\000a\000t\000i\000o\000n\000\040\000R\000e\000t\000r\000i\000e\000v\000a\000l}{section.7.6}% 192
\BOOKMARK [2][-]{subsection.7.6.2}{\376\377\000H\000u\000m\000a\000n\000-\000C\000o\000m\000p\000u\000t\000e\000r\000\040\000I\000n\000t\000e\000r\000a\000c\000t\000i\000o\000n}{section.7.6}% 193
\BOOKMARK [2][-]{subsection.7.6.3}{\376\377\000D\000i\000g\000i\000t\000a\000l\000\040\000H\000u\000m\000a\000n\000i\000t\000i\000e\000s\000\040\000a\000n\000d\000\040\000S\000o\000c\000i\000a\000l\000\040\000S\000c\000i\000e\000n\000c\000e\000s}{section.7.6}% 194
\BOOKMARK [2][-]{subsection.7.6.4}{\376\377\000A\000c\000c\000e\000s\000s\000i\000b\000i\000l\000i\000t\000y\000\040\000a\000n\000d\000\040\000I\000n\000c\000l\000u\000s\000i\000v\000e\000\040\000D\000e\000s\000i\000g\000n}{section.7.6}% 195
\BOOKMARK [1][-]{section.7.7}{\376\377\000F\000i\000n\000a\000l\000\040\000R\000e\000m\000a\000r\000k\000s}{chapter.7}% 196
\BOOKMARK [0][-]{appendix.A}{\376\377\000U\000s\000e\000r\000\040\000G\000u\000i\000d\000e}{}% 197
\BOOKMARK [1][-]{section.A.1}{\376\377\000G\000e\000t\000t\000i\000n\000g\000\040\000S\000t\000a\000r\000t\000e\000d}{appendix.A}% 198
\BOOKMARK [2][-]{subsection.A.1.1}{\376\377\000S\000y\000s\000t\000e\000m\000\040\000R\000e\000q\000u\000i\000r\000e\000m\000e\000n\000t\000s}{section.A.1}% 199
\BOOKMARK [1][-]{section.A.2}{\376\377\000I\000n\000t\000e\000r\000f\000a\000c\000e\000\040\000O\000v\000e\000r\000v\000i\000e\000w}{appendix.A}% 200
\BOOKMARK [1][-]{section.A.3}{\376\377\000B\000a\000s\000i\000c\000\040\000U\000R\000L\000\040\000A\000n\000a\000l\000y\000s\000i\000s}{appendix.A}% 201
\BOOKMARK [2][-]{subsection.A.3.1}{\376\377\000A\000d\000d\000i\000n\000g\000\040\000U\000R\000L\000s}{section.A.3}% 202
\BOOKMARK [2][-]{subsection.A.3.2}{\376\377\000S\000e\000l\000e\000c\000t\000i\000n\000g\000\040\000A\000n\000a\000l\000y\000s\000i\000s\000\040\000L\000e\000v\000e\000l\000s}{section.A.3}% 203
\BOOKMARK [2][-]{subsection.A.3.3}{\376\377\000R\000u\000n\000n\000i\000n\000g\000\040\000A\000n\000a\000l\000y\000s\000i\000s}{section.A.3}% 204
\BOOKMARK [1][-]{section.A.4}{\376\377\000U\000n\000d\000e\000r\000s\000t\000a\000n\000d\000i\000n\000g\000\040\000R\000e\000s\000u\000l\000t\000s}{appendix.A}% 205
\BOOKMARK [2][-]{subsection.A.4.1}{\376\377\000S\000i\000t\000e\000\040\000S\000i\000m\000i\000l\000a\000r\000i\000t\000y\000\040\000A\000n\000a\000l\000y\000s\000i\000s}{section.A.4}% 206
\BOOKMARK [2][-]{subsection.A.4.2}{\376\377\000C\000l\000u\000s\000t\000e\000r\000i\000n\000g\000\040\000R\000e\000s\000u\000l\000t\000s}{section.A.4}% 207
\BOOKMARK [2][-]{subsection.A.4.3}{\376\377\000G\000e\000n\000e\000r\000a\000t\000e\000d\000\040\000H\000T\000M\000L\000\040\000F\000i\000l\000e\000s}{section.A.4}% 208
\BOOKMARK [1][-]{section.A.5}{\376\377\000A\000d\000v\000a\000n\000c\000e\000d\000\040\000F\000e\000a\000t\000u\000r\000e\000s}{appendix.A}% 209
\BOOKMARK [2][-]{subsection.A.5.1}{\376\377\000E\000x\000p\000e\000r\000i\000m\000e\000n\000t\000\040\000C\000o\000n\000f\000i\000g\000u\000r\000a\000t\000i\000o\000n}{section.A.5}% 210
\BOOKMARK [2][-]{subsection.A.5.2}{\376\377\000R\000e\000s\000u\000l\000t\000s\000\040\000A\000r\000c\000h\000i\000v\000e}{section.A.5}% 211
\BOOKMARK [1][-]{section.A.6}{\376\377\000P\000e\000r\000f\000o\000r\000m\000a\000n\000c\000e\000\040\000a\000n\000d\000\040\000O\000p\000t\000i\000m\000i\000z\000a\000t\000i\000o\000n}{appendix.A}% 212
\BOOKMARK [2][-]{subsection.A.6.1}{\376\377\000S\000y\000s\000t\000e\000m\000\040\000E\000f\000f\000i\000c\000i\000e\000n\000c\000y}{section.A.6}% 213
\BOOKMARK [2][-]{subsection.A.6.2}{\376\377\000P\000e\000r\000f\000o\000r\000m\000a\000n\000c\000e\000\040\000M\000o\000n\000i\000t\000o\000r\000i\000n\000g}{section.A.6}% 214
\BOOKMARK [1][-]{section.A.7}{\376\377\000T\000r\000o\000u\000b\000l\000e\000s\000h\000o\000o\000t\000i\000n\000g}{appendix.A}% 215
\BOOKMARK [2][-]{subsection.A.7.1}{\376\377\000C\000o\000m\000m\000o\000n\000\040\000I\000s\000s\000u\000e\000s}{section.A.7}% 216
\BOOKMARK [2][-]{subsection.A.7.2}{\376\377\000E\000r\000r\000o\000r\000\040\000M\000e\000s\000s\000a\000g\000e\000s}{section.A.7}% 217
\BOOKMARK [1][-]{section.A.8}{\376\377\000B\000e\000s\000t\000\040\000P\000r\000a\000c\000t\000i\000c\000e\000s}{appendix.A}% 218
\BOOKMARK [2][-]{subsection.A.8.1}{\376\377\000O\000p\000t\000i\000m\000a\000l\000\040\000U\000s\000a\000g\000e\000\040\000P\000a\000t\000t\000e\000r\000n\000s}{section.A.8}% 219
\BOOKMARK [2][-]{subsection.A.8.2}{\376\377\000R\000e\000s\000u\000l\000t\000\040\000I\000n\000t\000e\000r\000p\000r\000e\000t\000a\000t\000i\000o\000n}{section.A.8}% 220
\BOOKMARK [0][-]{appendix.B}{\376\377\000A\000P\000I\000\040\000D\000o\000c\000u\000m\000e\000n\000t\000a\000t\000i\000o\000n}{}% 221
\BOOKMARK [1][-]{section.B.1}{\376\377\000A\000P\000I\000\040\000O\000v\000e\000r\000v\000i\000e\000w}{appendix.B}% 222
\BOOKMARK [2][-]{subsection.B.1.1}{\376\377\000B\000a\000s\000e\000\040\000C\000o\000n\000f\000i\000g\000u\000r\000a\000t\000i\000o\000n}{section.B.1}% 223
\BOOKMARK [1][-]{section.B.2}{\376\377\000C\000o\000r\000e\000\040\000P\000r\000o\000c\000e\000s\000s\000i\000n\000g\000\040\000E\000n\000d\000p\000o\000i\000n\000t\000s}{appendix.B}% 224
\BOOKMARK [2][-]{subsection.B.2.1}{\376\377\000P\000r\000o\000c\000e\000s\000s\000\040\000U\000R\000L\000s}{section.B.2}% 225
\BOOKMARK [2][-]{subsection.B.2.2}{\376\377\000P\000r\000o\000c\000e\000s\000s\000\040\000C\000l\000u\000s\000t\000e\000r\000s}{section.B.2}% 226
\BOOKMARK [1][-]{section.B.3}{\376\377\000E\000x\000p\000e\000r\000i\000m\000e\000n\000t\000\040\000M\000a\000n\000a\000g\000e\000m\000e\000n\000t\000\040\000E\000n\000d\000p\000o\000i\000n\000t\000s}{appendix.B}% 227
\BOOKMARK [2][-]{subsection.B.3.1}{\376\377\000R\000u\000n\000\040\000E\000x\000p\000e\000r\000i\000m\000e\000n\000t\000\040\000B\000a\000t\000c\000h}{section.B.3}% 228
\BOOKMARK [2][-]{subsection.B.3.2}{\376\377\000L\000i\000s\000t\000\040\000E\000x\000p\000e\000r\000i\000m\000e\000n\000t\000\040\000R\000e\000s\000u\000l\000t\000s}{section.B.3}% 229
\BOOKMARK [2][-]{subsection.B.3.3}{\376\377\000G\000e\000t\000\040\000E\000x\000p\000e\000r\000i\000m\000e\000n\000t\000\040\000D\000e\000t\000a\000i\000l\000s}{section.B.3}% 230
\BOOKMARK [1][-]{section.B.4}{\376\377\000F\000i\000l\000e\000\040\000A\000c\000c\000e\000s\000s\000\040\000E\000n\000d\000p\000o\000i\000n\000t\000s}{appendix.B}% 231
\BOOKMARK [2][-]{subsection.B.4.1}{\376\377\000H\000T\000M\000L\000\040\000F\000i\000l\000e\000\040\000S\000e\000r\000v\000i\000n\000g}{section.B.4}% 232
\BOOKMARK [2][-]{subsection.B.4.2}{\376\377\000E\000x\000p\000e\000r\000i\000m\000e\000n\000t\000\040\000F\000i\000l\000e\000\040\000D\000o\000w\000n\000l\000o\000a\000d\000s}{section.B.4}% 233
\BOOKMARK [2][-]{subsection.B.4.3}{\376\377\000G\000e\000n\000e\000r\000a\000t\000e\000d\000\040\000I\000m\000a\000g\000e\000s}{section.B.4}% 234
\BOOKMARK [1][-]{section.B.5}{\376\377\000E\000r\000r\000o\000r\000\040\000H\000a\000n\000d\000l\000i\000n\000g}{appendix.B}% 235
\BOOKMARK [2][-]{subsection.B.5.1}{\376\377\000S\000t\000a\000n\000d\000a\000r\000d\000\040\000E\000r\000r\000o\000r\000\040\000R\000e\000s\000p\000o\000n\000s\000e}{section.B.5}% 236
\BOOKMARK [2][-]{subsection.B.5.2}{\376\377\000H\000T\000T\000P\000\040\000S\000t\000a\000t\000u\000s\000\040\000C\000o\000d\000e\000s}{section.B.5}% 237
\BOOKMARK [2][-]{subsection.B.5.3}{\376\377\000C\000o\000m\000m\000o\000n\000\040\000E\000r\000r\000o\000r\000\040\000M\000e\000s\000s\000a\000g\000e\000s}{section.B.5}% 238
\BOOKMARK [1][-]{section.B.6}{\376\377\000R\000a\000t\000e\000\040\000L\000i\000m\000i\000t\000i\000n\000g\000\040\000a\000n\000d\000\040\000P\000e\000r\000f\000o\000r\000m\000a\000n\000c\000e}{appendix.B}% 239
\BOOKMARK [2][-]{subsection.B.6.1}{\376\377\000R\000e\000q\000u\000e\000s\000t\000\040\000L\000i\000m\000i\000t\000s}{section.B.6}% 240
\BOOKMARK [2][-]{subsection.B.6.2}{\376\377\000P\000e\000r\000f\000o\000r\000m\000a\000n\000c\000e\000\040\000C\000o\000n\000s\000i\000d\000e\000r\000a\000t\000i\000o\000n\000s}{section.B.6}% 241
\BOOKMARK [1][-]{section.B.7}{\376\377\000A\000u\000t\000h\000e\000n\000t\000i\000c\000a\000t\000i\000o\000n\000\040\000a\000n\000d\000\040\000S\000e\000c\000u\000r\000i\000t\000y}{appendix.B}% 242
\BOOKMARK [2][-]{subsection.B.7.1}{\376\377\000C\000u\000r\000r\000e\000n\000t\000\040\000I\000m\000p\000l\000e\000m\000e\000n\000t\000a\000t\000i\000o\000n}{section.B.7}% 243
\BOOKMARK [2][-]{subsection.B.7.2}{\376\377\000P\000r\000o\000d\000u\000c\000t\000i\000o\000n\000\040\000C\000o\000n\000s\000i\000d\000e\000r\000a\000t\000i\000o\000n\000s}{section.B.7}% 244
\BOOKMARK [1][-]{section.B.8}{\376\377\000M\000a\000i\000n\000\040\000A\000P\000I\000\040\000E\000n\000d\000p\000o\000i\000n\000t\000s}{appendix.B}% 245
\BOOKMARK [2][-]{subsection.B.8.1}{\376\377\000U\000R\000L\000\040\000P\000r\000o\000c\000e\000s\000s\000i\000n\000g}{section.B.8}% 246
\BOOKMARK [2][-]{subsection.B.8.2}{\376\377\000E\000x\000p\000e\000r\000i\000m\000e\000n\000t\000\040\000B\000a\000t\000c\000h\000\040\000P\000r\000o\000c\000e\000s\000s\000i\000n\000g}{section.B.8}% 247
\BOOKMARK [2][-]{subsection.B.8.3}{\376\377\000E\000x\000p\000e\000r\000i\000m\000e\000n\000t\000\040\000R\000e\000s\000u\000l\000t\000s\000\040\000L\000i\000s\000t\000i\000n\000g}{section.B.8}% 248
\BOOKMARK [2][-]{subsection.B.8.4}{\376\377\000E\000x\000p\000e\000r\000i\000m\000e\000n\000t\000\040\000D\000e\000t\000a\000i\000l\000s}{section.B.8}% 249
\BOOKMARK [1][-]{section.B.9}{\376\377\000F\000i\000l\000e\000\040\000A\000c\000c\000e\000s\000s}{appendix.B}% 250
\BOOKMARK [1][-]{section.B.10}{\376\377\000E\000r\000r\000o\000r\000\040\000H\000a\000n\000d\000l\000i\000n\000g}{appendix.B}% 251
\BOOKMARK [0][-]{appendix.C}{\376\377\000T\000e\000c\000h\000n\000o\000l\000o\000g\000y\000\040\000S\000t\000a\000c\000k\000\040\000D\000e\000t\000a\000i\000l\000s}{}% 252
\BOOKMARK [1][-]{section.C.1}{\376\377\000T\000e\000c\000h\000n\000o\000l\000o\000g\000y\000\040\000S\000t\000a\000c\000k\000\040\000O\000v\000e\000r\000v\000i\000e\000w}{appendix.C}% 253
\BOOKMARK [1][-]{section.C.2}{\376\377\000B\000a\000c\000k\000e\000n\000d\000\040\000T\000e\000c\000h\000n\000o\000l\000o\000g\000i\000e\000s}{appendix.C}% 254
\BOOKMARK [2][-]{subsection.C.2.1}{\376\377\000C\000o\000r\000e\000\040\000P\000r\000o\000g\000r\000a\000m\000m\000i\000n\000g\000\040\000L\000a\000n\000g\000u\000a\000g\000e}{section.C.2}% 255
\BOOKMARK [2][-]{subsection.C.2.2}{\376\377\000W\000e\000b\000\040\000A\000u\000t\000o\000m\000a\000t\000i\000o\000n\000\040\000F\000r\000a\000m\000e\000w\000o\000r\000k}{section.C.2}% 256
\BOOKMARK [2][-]{subsection.C.2.3}{\376\377\000A\000P\000I\000\040\000F\000r\000a\000m\000e\000w\000o\000r\000k}{section.C.2}% 257
\BOOKMARK [2][-]{subsection.C.2.4}{\376\377\000D\000a\000t\000a\000\040\000P\000r\000o\000c\000e\000s\000s\000i\000n\000g\000\040\000L\000i\000b\000r\000a\000r\000i\000e\000s}{section.C.2}% 258
\BOOKMARK [2][-]{subsection.C.2.5}{\376\377\000M\000a\000c\000h\000i\000n\000e\000\040\000L\000e\000a\000r\000n\000i\000n\000g\000\040\000L\000i\000b\000r\000a\000r\000i\000e\000s}{section.C.2}% 259
\BOOKMARK [2][-]{subsection.C.2.6}{\376\377\000I\000m\000a\000g\000e\000\040\000a\000n\000d\000\040\000V\000i\000s\000u\000a\000l\000i\000z\000a\000t\000i\000o\000n\000\040\000L\000i\000b\000r\000a\000r\000i\000e\000s}{section.C.2}% 260
\BOOKMARK [2][-]{subsection.C.2.7}{\376\377\000C\000o\000l\000o\000r\000\040\000P\000r\000o\000c\000e\000s\000s\000i\000n\000g}{section.C.2}% 261
\BOOKMARK [1][-]{section.C.3}{\376\377\000F\000r\000o\000n\000t\000e\000n\000d\000\040\000T\000e\000c\000h\000n\000o\000l\000o\000g\000i\000e\000s}{appendix.C}% 262
\BOOKMARK [2][-]{subsection.C.3.1}{\376\377\000C\000o\000r\000e\000\040\000F\000r\000a\000m\000e\000w\000o\000r\000k}{section.C.3}% 263
\BOOKMARK [2][-]{subsection.C.3.2}{\376\377\000U\000I\000\040\000C\000o\000m\000p\000o\000n\000e\000n\000t\000\040\000L\000i\000b\000r\000a\000r\000y}{section.C.3}% 264
\BOOKMARK [2][-]{subsection.C.3.3}{\376\377\000D\000a\000t\000a\000\040\000V\000i\000s\000u\000a\000l\000i\000z\000a\000t\000i\000o\000n}{section.C.3}% 265
\BOOKMARK [2][-]{subsection.C.3.4}{\376\377\000P\000D\000F\000\040\000G\000e\000n\000e\000r\000a\000t\000i\000o\000n}{section.C.3}% 266
\BOOKMARK [1][-]{section.C.4}{\376\377\000D\000e\000v\000e\000l\000o\000p\000m\000e\000n\000t\000\040\000a\000n\000d\000\040\000D\000e\000p\000l\000o\000y\000m\000e\000n\000t}{appendix.C}% 267
\BOOKMARK [2][-]{subsection.C.4.1}{\376\377\000P\000a\000c\000k\000a\000g\000e\000\040\000M\000a\000n\000a\000g\000e\000m\000e\000n\000t}{section.C.4}% 268
\BOOKMARK [2][-]{subsection.C.4.2}{\376\377\000D\000e\000v\000e\000l\000o\000p\000m\000e\000n\000t\000\040\000T\000o\000o\000l\000s}{section.C.4}% 269
\BOOKMARK [1][-]{section.C.5}{\376\377\000D\000a\000t\000a\000\040\000M\000a\000n\000a\000g\000e\000m\000e\000n\000t}{appendix.C}% 270
\BOOKMARK [2][-]{subsection.C.5.1}{\376\377\000F\000i\000l\000e\000\040\000S\000y\000s\000t\000e\000m\000\040\000S\000t\000o\000r\000a\000g\000e}{section.C.5}% 271
\BOOKMARK [2][-]{subsection.C.5.2}{\376\377\000D\000a\000t\000a\000\040\000P\000r\000o\000c\000e\000s\000s\000i\000n\000g\000\040\000O\000p\000t\000i\000m\000i\000z\000a\000t\000i\000o\000n}{section.C.5}% 272
\BOOKMARK [1][-]{section.C.6}{\376\377\000P\000e\000r\000f\000o\000r\000m\000a\000n\000c\000e\000\040\000O\000p\000t\000i\000m\000i\000z\000a\000t\000i\000o\000n\000\040\000T\000e\000c\000h\000n\000o\000l\000o\000g\000i\000e\000s}{appendix.C}% 273
\BOOKMARK [2][-]{subsection.C.6.1}{\376\377\000P\000a\000r\000a\000l\000l\000e\000l\000\040\000P\000r\000o\000c\000e\000s\000s\000i\000n\000g}{section.C.6}% 274
\BOOKMARK [2][-]{subsection.C.6.2}{\376\377\000A\000l\000g\000o\000r\000i\000t\000h\000m\000\040\000O\000p\000t\000i\000m\000i\000z\000a\000t\000i\000o\000n}{section.C.6}% 275
\BOOKMARK [1][-]{section.C.7}{\376\377\000B\000r\000o\000w\000s\000e\000r\000\040\000C\000o\000m\000p\000a\000t\000i\000b\000i\000l\000i\000t\000y}{appendix.C}% 276
\BOOKMARK [2][-]{subsection.C.7.1}{\376\377\000S\000u\000p\000p\000o\000r\000t\000e\000d\000\040\000B\000r\000o\000w\000s\000e\000r\000s}{section.C.7}% 277
\BOOKMARK [2][-]{subsection.C.7.2}{\376\377\000P\000r\000o\000g\000r\000e\000s\000s\000i\000v\000e\000\040\000E\000n\000h\000a\000n\000c\000e\000m\000e\000n\000t}{section.C.7}% 278
\BOOKMARK [1][-]{section.C.8}{\376\377\000S\000e\000c\000u\000r\000i\000t\000y\000\040\000C\000o\000n\000s\000i\000d\000e\000r\000a\000t\000i\000o\000n\000s}{appendix.C}% 279
\BOOKMARK [2][-]{subsection.C.8.1}{\376\377\000I\000n\000p\000u\000t\000\040\000V\000a\000l\000i\000d\000a\000t\000i\000o\000n}{section.C.8}% 280
\BOOKMARK [2][-]{subsection.C.8.2}{\376\377\000C\000O\000R\000S\000\040\000C\000o\000n\000f\000i\000g\000u\000r\000a\000t\000i\000o\000n}{section.C.8}% 281
\BOOKMARK [1][-]{section.C.9}{\376\377\000S\000y\000s\000t\000e\000m\000\040\000R\000e\000q\000u\000i\000r\000e\000m\000e\000n\000t\000s}{appendix.C}% 282
\BOOKMARK [2][-]{subsection.C.9.1}{\376\377\000M\000i\000n\000i\000m\000u\000m\000\040\000R\000e\000q\000u\000i\000r\000e\000m\000e\000n\000t\000s}{section.C.9}% 283
\BOOKMARK [2][-]{subsection.C.9.2}{\376\377\000R\000e\000c\000o\000m\000m\000e\000n\000d\000e\000d\000\040\000C\000o\000n\000f\000i\000g\000u\000r\000a\000t\000i\000o\000n}{section.C.9}% 284
\BOOKMARK [1][-]{section.C.10}{\376\377\000V\000e\000r\000s\000i\000o\000n\000\040\000M\000a\000n\000a\000g\000e\000m\000e\000n\000t}{appendix.C}% 285
\BOOKMARK [2][-]{subsection.C.10.1}{\376\377\000D\000e\000p\000e\000n\000d\000e\000n\000c\000y\000\040\000V\000e\000r\000s\000i\000o\000n\000i\000n\000g}{section.C.10}% 286
\BOOKMARK [2][-]{subsection.C.10.2}{\376\377\000T\000e\000c\000h\000n\000o\000l\000o\000g\000y\000\040\000L\000i\000f\000e\000c\000y\000c\000l\000e}{section.C.10}% 287
\BOOKMARK [0][-]{appendix.D}{\376\377\000E\000x\000p\000e\000r\000i\000m\000e\000n\000t\000a\000l\000\040\000D\000a\000t\000a}{}% 288
\BOOKMARK [1][-]{section.D.1}{\376\377\000E\000x\000p\000e\000r\000i\000m\000e\000n\000t\000a\000l\000\040\000D\000e\000s\000i\000g\000n\000\040\000O\000v\000e\000r\000v\000i\000e\000w}{appendix.D}% 289
\BOOKMARK [1][-]{section.D.2}{\376\377\000D\000a\000t\000a\000s\000e\000t\000\040\000C\000h\000a\000r\000a\000c\000t\000e\000r\000i\000s\000t\000i\000c\000s}{appendix.D}% 290
\BOOKMARK [2][-]{subsection.D.2.1}{\376\377\000T\000e\000s\000t\000\040\000W\000e\000b\000s\000i\000t\000e\000\040\000C\000a\000t\000e\000g\000o\000r\000i\000e\000s}{section.D.2}% 291
\BOOKMARK [2][-]{subsection.D.2.2}{\376\377\000U\000R\000L\000\040\000D\000i\000s\000t\000r\000i\000b\000u\000t\000i\000o\000n}{section.D.2}% 292
\BOOKMARK [1][-]{section.D.3}{\376\377\000P\000e\000r\000f\000o\000r\000m\000a\000n\000c\000e\000\040\000M\000e\000t\000r\000i\000c\000s}{appendix.D}% 293
\BOOKMARK [2][-]{subsection.D.3.1}{\376\377\000P\000r\000o\000c\000e\000s\000s\000i\000n\000g\000\040\000T\000i\000m\000e\000\040\000A\000n\000a\000l\000y\000s\000i\000s}{section.D.3}% 294
\BOOKMARK [2][-]{subsection.D.3.2}{\376\377\000S\000y\000s\000t\000e\000m\000\040\000P\000e\000r\000f\000o\000r\000m\000a\000n\000c\000e\000\040\000M\000e\000t\000r\000i\000c\000s}{section.D.3}% 295
\BOOKMARK [1][-]{section.D.4}{\376\377\000C\000l\000u\000s\000t\000e\000r\000i\000n\000g\000\040\000Q\000u\000a\000l\000i\000t\000y\000\040\000R\000e\000s\000u\000l\000t\000s}{appendix.D}% 296
\BOOKMARK [2][-]{subsection.D.4.1}{\376\377\000D\000B\000C\000V\000\040\000S\000c\000o\000r\000e\000s\000\040\000b\000y\000\040\000L\000e\000v\000e\000l}{section.D.4}% 297
\BOOKMARK [2][-]{subsection.D.4.2}{\376\377\000O\000p\000t\000i\000m\000a\000l\000\040\000L\000e\000v\000e\000l\000\040\000I\000d\000e\000n\000t\000i\000f\000i\000c\000a\000t\000i\000o\000n}{section.D.4}% 298
\BOOKMARK [1][-]{section.D.5}{\376\377\000S\000i\000m\000i\000l\000a\000r\000i\000t\000y\000\040\000A\000n\000a\000l\000y\000s\000i\000s\000\040\000R\000e\000s\000u\000l\000t\000s}{appendix.D}% 299
\BOOKMARK [2][-]{subsection.D.5.1}{\376\377\000C\000o\000s\000i\000n\000e\000\040\000S\000i\000m\000i\000l\000a\000r\000i\000t\000y\000\040\000D\000i\000s\000t\000r\000i\000b\000u\000t\000i\000o\000n}{section.D.5}% 300
\BOOKMARK [2][-]{subsection.D.5.2}{\376\377\000M\000u\000l\000t\000i\000-\000M\000e\000t\000r\000i\000c\000\040\000C\000o\000m\000p\000a\000r\000i\000s\000o\000n}{section.D.5}% 301
\BOOKMARK [1][-]{section.D.6}{\376\377\000S\000c\000a\000l\000a\000b\000i\000l\000i\000t\000y\000\040\000A\000n\000a\000l\000y\000s\000i\000s}{appendix.D}% 302
\BOOKMARK [2][-]{subsection.D.6.1}{\376\377\000U\000R\000L\000\040\000C\000o\000u\000n\000t\000\040\000v\000s\000\040\000P\000r\000o\000c\000e\000s\000s\000i\000n\000g\000\040\000T\000i\000m\000e}{section.D.6}% 303
\BOOKMARK [2][-]{subsection.D.6.2}{\376\377\000M\000e\000m\000o\000r\000y\000\040\000U\000s\000a\000g\000e\000\040\000P\000a\000t\000t\000e\000r\000n\000s}{section.D.6}% 304
\BOOKMARK [1][-]{section.D.7}{\376\377\000E\000x\000p\000e\000r\000i\000m\000e\000n\000t\000\040\000V\000a\000l\000i\000d\000a\000t\000i\000o\000n\000\040\000R\000e\000s\000u\000l\000t\000s}{appendix.D}% 305
\BOOKMARK [2][-]{subsection.D.7.1}{\376\377\000G\000r\000o\000u\000n\000d\000\040\000T\000r\000u\000t\000h\000\040\000V\000a\000l\000i\000d\000a\000t\000i\000o\000n}{section.D.7}% 306
\BOOKMARK [2][-]{subsection.D.7.2}{\376\377\000C\000r\000o\000s\000s\000-\000V\000a\000l\000i\000d\000a\000t\000i\000o\000n\000\040\000R\000e\000s\000u\000l\000t\000s}{section.D.7}% 307
\BOOKMARK [1][-]{section.D.8}{\376\377\000C\000o\000m\000p\000a\000r\000a\000t\000i\000v\000e\000\040\000A\000n\000a\000l\000y\000s\000i\000s}{appendix.D}% 308
\BOOKMARK [2][-]{subsection.D.8.1}{\376\377\000B\000a\000s\000e\000l\000i\000n\000e\000\040\000C\000o\000m\000p\000a\000r\000i\000s\000o\000n\000s}{section.D.8}% 309
\BOOKMARK [2][-]{subsection.D.8.2}{\376\377\000F\000e\000a\000t\000u\000r\000e\000\040\000I\000m\000p\000o\000r\000t\000a\000n\000c\000e\000\040\000A\000n\000a\000l\000y\000s\000i\000s}{section.D.8}% 310
\BOOKMARK [1][-]{section.D.9}{\376\377\000E\000r\000r\000o\000r\000\040\000A\000n\000a\000l\000y\000s\000i\000s}{appendix.D}% 311
\BOOKMARK [2][-]{subsection.D.9.1}{\376\377\000F\000a\000i\000l\000u\000r\000e\000\040\000C\000a\000s\000e\000\040\000A\000n\000a\000l\000y\000s\000i\000s}{section.D.9}% 312
\BOOKMARK [2][-]{subsection.D.9.2}{\376\377\000Q\000u\000a\000l\000i\000t\000y\000\040\000D\000e\000g\000r\000a\000d\000a\000t\000i\000o\000n\000\040\000F\000a\000c\000t\000o\000r\000s}{section.D.9}% 313
\BOOKMARK [1][-]{section.D.10}{\376\377\000P\000e\000r\000f\000o\000r\000m\000a\000n\000c\000e\000\040\000O\000p\000t\000i\000m\000i\000z\000a\000t\000i\000o\000n\000\040\000R\000e\000s\000u\000l\000t\000s}{appendix.D}% 314
\BOOKMARK [2][-]{subsection.D.10.1}{\376\377\000O\000p\000t\000i\000m\000i\000z\000a\000t\000i\000o\000n\000\040\000T\000e\000c\000h\000n\000i\000q\000u\000e\000s\000\040\000I\000m\000p\000a\000c\000t}{section.D.10}% 315
\BOOKMARK [1][-]{section.D.11}{\376\377\000S\000t\000a\000t\000i\000s\000t\000i\000c\000a\000l\000\040\000S\000i\000g\000n\000i\000f\000i\000c\000a\000n\000c\000e\000\040\000T\000e\000s\000t\000s}{appendix.D}% 316
\BOOKMARK [2][-]{subsection.D.11.1}{\376\377\000H\000y\000p\000o\000t\000h\000e\000s\000i\000s\000\040\000T\000e\000s\000t\000i\000n\000g\000\040\000R\000e\000s\000u\000l\000t\000s}{section.D.11}% 317
\BOOKMARK [1][-]{section.D.12}{\376\377\000R\000e\000p\000r\000o\000d\000u\000c\000i\000b\000i\000l\000i\000t\000y\000\040\000I\000n\000f\000o\000r\000m\000a\000t\000i\000o\000n}{appendix.D}% 318
\BOOKMARK [2][-]{subsection.D.12.1}{\376\377\000E\000x\000p\000e\000r\000i\000m\000e\000n\000t\000a\000l\000\040\000C\000o\000n\000f\000i\000g\000u\000r\000a\000t\000i\000o\000n}{section.D.12}% 319
\BOOKMARK [2][-]{subsection.D.12.2}{\376\377\000D\000a\000t\000a\000\040\000A\000v\000a\000i\000l\000a\000b\000i\000l\000i\000t\000y}{section.D.12}% 320
