\BOOKMARK [0][-]{chapter*.1}{\376\377\003\240\003\265\003\301\003\257\003\273\003\267\003\310\003\267}{}% 1
\BOOKMARK [0][-]{chapter*.2}{\376\377\000A\000b\000s\000t\000r\000a\000c\000t}{}% 2
\BOOKMARK [0][-]{chapter*.3}{\376\377\000A\000c\000k\000n\000o\000w\000l\000e\000d\000g\000e\000m\000e\000n\000t\000s}{}% 3
\BOOKMARK [0][-]{chapter.1}{\376\377\000I\000n\000t\000r\000o\000d\000u\000c\000t\000i\000o\000n}{}% 4
\BOOKMARK [1][-]{section.1.1}{\376\377\000P\000r\000o\000b\000l\000e\000m\000\040\000S\000t\000a\000t\000e\000m\000e\000n\000t}{chapter.1}% 5
\BOOKMARK [2][-]{subsection.1.1.1}{\376\377\000W\000e\000b\000\040\000S\000t\000r\000u\000c\000t\000u\000r\000e\000\040\000A\000n\000a\000l\000y\000s\000i\000s\000\040\000C\000h\000a\000l\000l\000e\000n\000g\000e\000s}{section.1.1}% 6
\BOOKMARK [3][-]{subsubsection.1.1.1.1}{\376\377\000D\000O\000M\000\040\000C\000o\000m\000p\000l\000e\000x\000i\000t\000y\000\040\000a\000n\000d\000\040\000R\000e\000c\000u\000r\000s\000i\000v\000e\000\040\000P\000r\000o\000c\000e\000s\000s\000i\000n\000g}{subsection.1.1.1}% 7
\BOOKMARK [3][-]{subsubsection.1.1.1.2}{\376\377\000C\000S\000S\000\040\000S\000t\000y\000l\000e\000\040\000D\000i\000v\000e\000r\000s\000i\000t\000y\000\040\000a\000n\000d\000\040\000S\000t\000a\000n\000d\000a\000r\000d\000i\000z\000a\000t\000i\000o\000n}{subsection.1.1.1}% 8
\BOOKMARK [3][-]{subsubsection.1.1.1.3}{\376\377\000A\000t\000t\000r\000i\000b\000u\000t\000e\000\040\000E\000x\000t\000r\000a\000c\000t\000i\000o\000n\000\040\000a\000n\000d\000\040\000F\000e\000a\000t\000u\000r\000e\000\040\000E\000n\000g\000i\000n\000e\000e\000r\000i\000n\000g}{subsection.1.1.1}% 9
\BOOKMARK [3][-]{subsubsection.1.1.1.4}{\376\377\000S\000c\000a\000l\000a\000b\000i\000l\000i\000t\000y\000\040\000a\000n\000d\000\040\000P\000e\000r\000f\000o\000r\000m\000a\000n\000c\000e\000\040\000O\000p\000t\000i\000m\000i\000z\000a\000t\000i\000o\000n}{subsection.1.1.1}% 10
\BOOKMARK [3][-]{subsubsection.1.1.1.5}{\376\377\000M\000u\000l\000t\000i\000-\000d\000i\000m\000e\000n\000s\000i\000o\000n\000a\000l\000\040\000S\000i\000m\000i\000l\000a\000r\000i\000t\000y\000\040\000C\000o\000m\000p\000u\000t\000a\000t\000i\000o\000n}{subsection.1.1.1}% 11
\BOOKMARK [3][-]{subsubsection.1.1.1.6}{\376\377\000C\000l\000u\000s\000t\000e\000r\000i\000n\000g\000\040\000P\000a\000r\000a\000m\000e\000t\000e\000r\000\040\000O\000p\000t\000i\000m\000i\000z\000a\000t\000i\000o\000n}{subsection.1.1.1}% 12
\BOOKMARK [3][-]{subsubsection.1.1.1.7}{\376\377\000C\000r\000o\000s\000s\000-\000D\000o\000m\000a\000i\000n\000\040\000P\000a\000t\000t\000e\000r\000n\000\040\000R\000e\000c\000o\000g\000n\000i\000t\000i\000o\000n}{subsection.1.1.1}% 13
\BOOKMARK [2][-]{subsection.1.1.2}{\376\377\000R\000e\000s\000e\000a\000r\000c\000h\000\040\000M\000o\000t\000i\000v\000a\000t\000i\000o\000n}{section.1.1}% 14
\BOOKMARK [1][-]{section.1.2}{\376\377\000R\000e\000s\000e\000a\000r\000c\000h\000\040\000O\000b\000j\000e\000c\000t\000i\000v\000e\000s}{chapter.1}% 15
\BOOKMARK [1][-]{section.1.3}{\376\377\000C\000o\000n\000t\000r\000i\000b\000u\000t\000i\000o\000n\000s}{chapter.1}% 16
\BOOKMARK [1][-]{section.1.4}{\376\377\000T\000h\000e\000s\000i\000s\000\040\000S\000t\000r\000u\000c\000t\000u\000r\000e}{chapter.1}% 17
\BOOKMARK [0][-]{chapter.2}{\376\377\000R\000e\000l\000a\000t\000e\000d\000\040\000W\000o\000r\000k}{}% 18
\BOOKMARK [1][-]{section.2.1}{\376\377\000S\000t\000r\000u\000c\000t\000u\000r\000a\000l\000\040\000U\000n\000d\000e\000r\000s\000t\000a\000n\000d\000i\000n\000g\000\040\000o\000f\000\040\000W\000e\000b\000\040\000D\000o\000c\000u\000m\000e\000n\000t\000s}{chapter.2}% 19
\BOOKMARK [1][-]{section.2.2}{\376\377\000I\000n\000f\000o\000r\000m\000a\000t\000i\000o\000n\000\040\000E\000x\000t\000r\000a\000c\000t\000i\000o\000n\000\040\000a\000n\000d\000\040\000R\000e\000p\000r\000e\000s\000e\000n\000t\000a\000t\000i\000o\000n}{chapter.2}% 20
\BOOKMARK [1][-]{section.2.3}{\376\377\000S\000i\000m\000i\000l\000a\000r\000i\000t\000y\000\040\000a\000n\000d\000\040\000C\000l\000u\000s\000t\000e\000r\000i\000n\000g\000\040\000i\000n\000\040\000W\000e\000b\000\040\000A\000n\000a\000l\000y\000s\000i\000s}{chapter.2}% 21
\BOOKMARK [1][-]{section.2.4}{\376\377\000C\000o\000m\000p\000a\000r\000i\000s\000o\000n\000\040\000w\000i\000t\000h\000\040\000P\000r\000i\000o\000r\000\040\000W\000o\000r\000k}{chapter.2}% 22
\BOOKMARK [1][-]{section.2.5}{\376\377\000R\000e\000s\000e\000a\000r\000c\000h\000\040\000G\000a\000p\000s\000\040\000a\000n\000d\000\040\000O\000p\000p\000o\000r\000t\000u\000n\000i\000t\000i\000e\000s}{chapter.2}% 23
\BOOKMARK [1][-]{section.2.6}{\376\377\000S\000u\000m\000m\000a\000r\000y}{chapter.2}% 24
\BOOKMARK [0][-]{chapter.3}{\376\377\000T\000h\000e\000\040\000S\0004\000D\000\040\000S\000y\000s\000t\000e\000m}{}% 25
\BOOKMARK [1][-]{section.3.1}{\376\377\000S\000y\000s\000t\000e\000m\000\040\000O\000v\000e\000r\000v\000i\000e\000w}{chapter.3}% 26
\BOOKMARK [1][-]{section.3.2}{\376\377\000T\000e\000c\000h\000n\000o\000l\000o\000g\000y\000\040\000S\000t\000a\000c\000k}{chapter.3}% 27
\BOOKMARK [2][-]{subsection.3.2.1}{\376\377\000B\000a\000c\000k\000e\000n\000d\000\040\000T\000e\000c\000h\000n\000o\000l\000o\000g\000i\000e\000s}{section.3.2}% 28
\BOOKMARK [2][-]{subsection.3.2.2}{\376\377\000F\000r\000o\000n\000t\000e\000n\000d\000\040\000a\000n\000d\000\040\000I\000n\000f\000r\000a\000s\000t\000r\000u\000c\000t\000u\000r\000e}{section.3.2}% 29
\BOOKMARK [1][-]{section.3.3}{\376\377\000W\000e\000b\000\040\000P\000a\000r\000s\000i\000n\000g}{chapter.3}% 30
\BOOKMARK [2][-]{subsection.3.3.1}{\376\377\000A\000u\000t\000o\000m\000a\000t\000e\000d\000\040\000W\000e\000b\000\040\000R\000e\000n\000d\000e\000r\000i\000n\000g}{section.3.3}% 31
\BOOKMARK [2][-]{subsection.3.3.2}{\376\377\000H\000i\000e\000r\000a\000r\000c\000h\000i\000c\000a\000l\000\040\000D\000O\000M\000\040\000T\000r\000e\000e\000\040\000C\000o\000n\000s\000t\000r\000u\000c\000t\000i\000o\000n}{section.3.3}% 32
\BOOKMARK [3][-]{subsubsection.3.3.2.1}{\376\377\000U\000n\000i\000q\000u\000e\000\040\000E\000l\000e\000m\000e\000n\000t\000\040\000I\000d\000e\000n\000t\000i\000f\000i\000c\000a\000t\000i\000o\000n}{subsection.3.3.2}% 33
\BOOKMARK [3][-]{subsubsection.3.3.2.2}{\376\377\000C\000o\000m\000p\000r\000e\000h\000e\000n\000s\000i\000v\000e\000\040\000A\000t\000t\000r\000i\000b\000u\000t\000e\000\040\000E\000x\000t\000r\000a\000c\000t\000i\000o\000n}{subsection.3.3.2}% 34
\BOOKMARK [3][-]{subsubsection.3.3.2.3}{\376\377\000T\000e\000x\000t\000\040\000C\000o\000n\000t\000e\000n\000t\000\040\000P\000r\000o\000c\000e\000s\000s\000i\000n\000g}{subsection.3.3.2}% 35
\BOOKMARK [2][-]{subsection.3.3.3}{\376\377\000M\000u\000l\000t\000i\000-\000L\000e\000v\000e\000l\000\040\000D\000O\000M\000\040\000A\000n\000a\000l\000y\000s\000i\000s}{section.3.3}% 36
\BOOKMARK [2][-]{subsection.3.3.4}{\376\377\000C\000S\000S\000\040\000P\000r\000o\000p\000e\000r\000t\000y\000\040\000A\000n\000a\000l\000y\000s\000i\000s\000\040\000a\000n\000d\000\040\000N\000o\000r\000m\000a\000l\000i\000s\000a\000t\000i\000o\000n}{section.3.3}% 37
\BOOKMARK [3][-]{subsubsection.3.3.4.1}{\376\377\000A\000t\000t\000r\000i\000b\000u\000t\000e\000\040\000S\000e\000l\000e\000c\000t\000i\000o\000n}{subsection.3.3.4}% 38
\BOOKMARK [3][-]{subsubsection.3.3.4.2}{\376\377\000C\000S\000S\000\040\000V\000a\000l\000u\000e\000\040\000N\000o\000r\000m\000a\000l\000i\000s\000a\000t\000i\000o\000n}{subsection.3.3.4}% 39
\BOOKMARK [1][-]{section.3.4}{\376\377\000D\000a\000t\000a\000\040\000M\000o\000d\000e\000l\000l\000i\000n\000g}{chapter.3}% 40
\BOOKMARK [2][-]{subsection.3.4.1}{\376\377\000F\000e\000a\000t\000u\000r\000e\000\040\000V\000e\000c\000t\000o\000r\000\040\000C\000o\000n\000s\000t\000r\000u\000c\000t\000i\000o\000n}{section.3.4}% 41
\BOOKMARK [2][-]{subsection.3.4.2}{\376\377\000H\000D\000B\000S\000C\000A\000N\000\040\000C\000l\000u\000s\000t\000e\000r\000i\000n\000g\000\040\000I\000n\000t\000e\000g\000r\000a\000t\000i\000o\000n}{section.3.4}% 42
\BOOKMARK [3][-]{subsubsection.3.4.2.1}{\376\377\000P\000a\000r\000a\000m\000e\000t\000e\000r\000\040\000O\000p\000t\000i\000m\000i\000s\000a\000t\000i\000o\000n}{subsection.3.4.2}% 43
\BOOKMARK [3][-]{subsubsection.3.4.2.2}{\376\377\000O\000u\000t\000l\000i\000e\000r\000\040\000R\000e\000a\000s\000s\000i\000g\000n\000m\000e\000n\000t}{subsection.3.4.2}% 44
\BOOKMARK [2][-]{subsection.3.4.3}{\376\377\000P\000o\000s\000t\000-\000C\000l\000u\000s\000t\000e\000r\000i\000n\000g\000\040\000D\000a\000t\000a\000\040\000E\000n\000r\000i\000c\000h\000m\000e\000n\000t}{section.3.4}% 45
\BOOKMARK [1][-]{section.3.5}{\376\377\000D\000a\000t\000a\000\040\000M\000i\000n\000i\000n\000g\000:\000\040\000T\000r\000a\000n\000s\000i\000t\000i\000o\000n\000\040\000M\000a\000t\000r\000i\000c\000e\000s\000\040\000a\000n\000d\000\040\000R\000o\000l\000e\000\040\000V\000e\000c\000t\000o\000r\000s}{chapter.3}% 46
\BOOKMARK [2][-]{subsection.3.5.1}{\376\377\000T\000r\000a\000n\000s\000i\000t\000i\000o\000n\000\040\000M\000a\000t\000r\000i\000x\000\040\000C\000o\000n\000s\000t\000r\000u\000c\000t\000i\000o\000n}{section.3.5}% 47
\BOOKMARK [2][-]{subsection.3.5.2}{\376\377\000P\000o\000s\000i\000t\000i\000o\000n\000a\000l\000\040\000S\000t\000a\000t\000i\000s\000t\000i\000c\000s}{section.3.5}% 48
\BOOKMARK [2][-]{subsection.3.5.3}{\376\377\000R\000o\000l\000e\000\040\000V\000e\000c\000t\000o\000r\000\040\000S\000p\000e\000c\000i\000f\000i\000c\000a\000t\000i\000o\000n}{section.3.5}% 49
\BOOKMARK [1][-]{section.3.6}{\376\377\000S\000i\000m\000i\000l\000a\000r\000i\000t\000y\000\040\000A\000n\000a\000l\000y\000s\000i\000s}{chapter.3}% 50
\BOOKMARK [2][-]{subsection.3.6.1}{\376\377\000D\000o\000m\000a\000i\000n\000-\000L\000e\000v\000e\000l\000\040\000A\000g\000g\000r\000e\000g\000a\000t\000i\000o\000n}{section.3.6}% 51
\BOOKMARK [2][-]{subsection.3.6.2}{\376\377\000M\000u\000l\000t\000i\000-\000M\000e\000t\000r\000i\000c\000\040\000S\000i\000m\000i\000l\000a\000r\000i\000t\000y}{section.3.6}% 52
\BOOKMARK [2][-]{subsection.3.6.3}{\376\377\000B\000e\000s\000t\000\040\000L\000e\000v\000e\000l\000\040\000S\000e\000l\000e\000c\000t\000i\000o\000n\000\040\000A\000l\000g\000o\000r\000i\000t\000h\000m}{section.3.6}% 53
\BOOKMARK [1][-]{section.3.7}{\376\377\000R\000e\000s\000u\000l\000t\000\040\000P\000r\000e\000s\000e\000n\000t\000a\000t\000i\000o\000n}{chapter.3}% 54
\BOOKMARK [2][-]{subsection.3.7.1}{\376\377\000C\000o\000l\000o\000u\000r\000-\000C\000o\000d\000e\000d\000\040\000H\000T\000M\000L\000\040\000G\000e\000n\000e\000r\000a\000t\000i\000o\000n}{section.3.7}% 55
\BOOKMARK [2][-]{subsection.3.7.2}{\376\377\000S\000i\000m\000i\000l\000a\000r\000i\000t\000y\000\040\000M\000a\000t\000r\000i\000x}{section.3.7}% 56
\BOOKMARK [1][-]{section.3.8}{\376\377\000S\000y\000s\000t\000e\000m\000\040\000P\000a\000r\000a\000m\000e\000t\000e\000r\000s\000\040\000a\000n\000d\000\040\000U\000s\000a\000g\000e}{chapter.3}% 57
\BOOKMARK [1][-]{section.3.9}{\376\377\000M\000e\000t\000h\000o\000d\000o\000l\000o\000g\000y\000\040\000S\000u\000m\000m\000a\000r\000y}{chapter.3}% 58
\BOOKMARK [0][-]{chapter.4}{\376\377\000S\000y\000s\000t\000e\000m\000\040\000I\000m\000p\000l\000e\000m\000e\000n\000t\000a\000t\000i\000o\000n}{}% 59
\BOOKMARK [1][-]{section.4.1}{\376\377\000S\000y\000s\000t\000e\000m\000\040\000A\000r\000c\000h\000i\000t\000e\000c\000t\000u\000r\000e\000\040\000O\000v\000e\000r\000v\000i\000e\000w}{chapter.4}% 60
\BOOKMARK [1][-]{section.4.2}{\376\377\000B\000a\000c\000k\000e\000n\000d\000\040\000I\000m\000p\000l\000e\000m\000e\000n\000t\000a\000t\000i\000o\000n}{chapter.4}% 61
\BOOKMARK [2][-]{subsection.4.2.1}{\376\377\000S\000o\000u\000r\000c\000e\000\040\000L\000a\000y\000o\000u\000t}{section.4.2}% 62
\BOOKMARK [2][-]{subsection.4.2.2}{\376\377\000C\000o\000r\000e\000\040\000P\000r\000o\000c\000e\000s\000s\000i\000n\000g\000\040\000F\000u\000n\000c\000t\000i\000o\000n\000s}{section.4.2}% 63
\BOOKMARK [1][-]{section.4.3}{\376\377\000F\000l\000a\000s\000k\000\040\000R\000E\000S\000T\000\040\000A\000P\000I}{chapter.4}% 64
\BOOKMARK [2][-]{subsection.4.3.1}{\376\377\000S\000e\000r\000v\000e\000r\000\040\000C\000o\000n\000f\000i\000g\000u\000r\000a\000t\000i\000o\000n}{section.4.3}% 65
\BOOKMARK [2][-]{subsection.4.3.2}{\376\377\000A\000P\000I\000\040\000E\000n\000d\000p\000o\000i\000n\000t\000s}{section.4.3}% 66
\BOOKMARK [3][-]{subsubsection.4.3.2.1}{\376\377\000U\000R\000L\000\040\000P\000r\000o\000c\000e\000s\000s\000i\000n\000g}{subsection.4.3.2}% 67
\BOOKMARK [3][-]{subsubsection.4.3.2.2}{\376\377\000C\000l\000u\000s\000t\000e\000r\000\040\000R\000e\000p\000r\000o\000c\000e\000s\000s\000i\000n\000g}{subsection.4.3.2}% 68
\BOOKMARK [3][-]{subsubsection.4.3.2.3}{\376\377\000B\000a\000t\000c\000h\000\040\000E\000x\000p\000e\000r\000i\000m\000e\000n\000t\000s}{subsection.4.3.2}% 69
\BOOKMARK [3][-]{subsubsection.4.3.2.4}{\376\377\000R\000e\000s\000u\000l\000t\000\040\000R\000e\000t\000r\000i\000e\000v\000a\000l}{subsection.4.3.2}% 70
\BOOKMARK [2][-]{subsection.4.3.3}{\376\377\000H\000T\000M\000L\000\040\000F\000i\000l\000e\000\040\000P\000r\000o\000x\000y}{section.4.3}% 71
\BOOKMARK [1][-]{section.4.4}{\376\377\000N\000o\000d\000e\000.\000j\000s\000\040\000S\000t\000a\000t\000i\000c\000\040\000F\000i\000l\000e\000\040\000S\000e\000r\000v\000e\000r}{chapter.4}% 72
\BOOKMARK [1][-]{section.4.5}{\376\377\000R\000e\000a\000c\000t\000\040\000F\000r\000o\000n\000t\000e\000n\000d}{chapter.4}% 73
\BOOKMARK [2][-]{subsection.4.5.1}{\376\377\000A\000p\000p\000l\000i\000c\000a\000t\000i\000o\000n\000\040\000S\000t\000r\000u\000c\000t\000u\000r\000e}{section.4.5}% 74
\BOOKMARK [2][-]{subsection.4.5.2}{\376\377\000C\000o\000m\000m\000u\000n\000i\000c\000a\000t\000i\000o\000n\000\040\000w\000i\000t\000h\000\040\000B\000a\000c\000k\000e\000n\000d\000\040\000S\000e\000r\000v\000i\000c\000e\000s}{section.4.5}% 75
\BOOKMARK [1][-]{section.4.6}{\376\377\000P\000r\000o\000c\000e\000s\000s\000\040\000O\000r\000c\000h\000e\000s\000t\000r\000a\000t\000i\000o\000n}{chapter.4}% 76
\BOOKMARK [1][-]{section.4.7}{\376\377\000C\000a\000c\000h\000i\000n\000g}{chapter.4}% 77
\BOOKMARK [1][-]{section.4.8}{\376\377\000I\000m\000p\000l\000e\000m\000e\000n\000t\000a\000t\000i\000o\000n\000\040\000S\000u\000m\000m\000a\000r\000y}{chapter.4}% 78
\BOOKMARK [0][-]{chapter.5}{\376\377\000E\000x\000p\000e\000r\000i\000m\000e\000n\000t\000s\000\040\000a\000n\000d\000\040\000E\000v\000a\000l\000u\000a\000t\000i\000o\000n}{}% 79
\BOOKMARK [1][-]{section.5.1}{\376\377\000R\000e\000s\000e\000a\000r\000c\000h\000\040\000Q\000u\000e\000s\000t\000i\000o\000n\000s}{chapter.5}% 80
\BOOKMARK [1][-]{section.5.2}{\376\377\000D\000a\000t\000a\000s\000e\000t}{chapter.5}% 81
\BOOKMARK [2][-]{subsection.5.2.1}{\376\377\000C\000a\000t\000e\000g\000o\000r\000y\000\040\0001\000:\000\040\000S\000e\000c\000u\000r\000i\000t\000y\000\040\000V\000u\000l\000n\000e\000r\000a\000b\000i\000l\000i\000t\000y\000\040\000D\000a\000t\000a\000b\000a\000s\000e\000s}{section.5.2}% 82
\BOOKMARK [2][-]{subsection.5.2.2}{\376\377\000C\000a\000t\000e\000g\000o\000r\000y\000\040\0002\000:\000\040\000P\000o\000l\000i\000t\000i\000c\000a\000l\000\040\000N\000e\000w\000s}{section.5.2}% 83
\BOOKMARK [2][-]{subsection.5.2.3}{\376\377\000C\000a\000t\000e\000g\000o\000r\000y\000\040\0003\000:\000\040\000F\000o\000o\000d\000\040\000a\000n\000d\000\040\000L\000i\000f\000e\000s\000t\000y\000l\000e}{section.5.2}% 84
\BOOKMARK [2][-]{subsection.5.2.4}{\376\377\000D\000a\000t\000a\000s\000e\000t\000\040\000S\000u\000m\000m\000a\000r\000y}{section.5.2}% 85
\BOOKMARK [1][-]{section.5.3}{\376\377\000E\000x\000p\000e\000r\000i\000m\000e\000n\000t\000a\000l\000\040\000S\000e\000t\000u\000p}{chapter.5}% 86
\BOOKMARK [2][-]{subsection.5.3.1}{\376\377\000S\000y\000s\000t\000e\000m\000\040\000C\000o\000n\000f\000i\000g\000u\000r\000a\000t\000i\000o\000n}{section.5.3}% 87
\BOOKMARK [2][-]{subsection.5.3.2}{\376\377\000E\000v\000a\000l\000u\000a\000t\000i\000o\000n\000\040\000M\000e\000t\000r\000i\000c\000s}{section.5.3}% 88
\BOOKMARK [1][-]{section.5.4}{\376\377\000R\000e\000s\000u\000l\000t\000s}{chapter.5}% 89
\BOOKMARK [2][-]{subsection.5.4.1}{\376\377\000D\000B\000C\000V\000\040\000S\000c\000o\000r\000e\000s\000\040\000b\000y\000\040\000L\000e\000v\000e\000l}{section.5.4}% 90
\BOOKMARK [2][-]{subsection.5.4.2}{\376\377\000S\000i\000m\000i\000l\000a\000r\000i\000t\000y\000\040\000M\000a\000t\000r\000i\000x}{section.5.4}% 91
\BOOKMARK [2][-]{subsection.5.4.3}{\376\377\000P\000r\000o\000c\000e\000s\000s\000i\000n\000g\000\040\000T\000i\000m\000e}{section.5.4}% 92
\BOOKMARK [1][-]{section.5.5}{\376\377\000D\000i\000s\000c\000u\000s\000s\000i\000o\000n}{chapter.5}% 93
\BOOKMARK [1][-]{section.5.6}{\376\377\000S\000u\000m\000m\000a\000r\000y}{chapter.5}% 94
\BOOKMARK [0][-]{chapter.6}{\376\377\000R\000e\000s\000u\000l\000t\000s\000\040\000a\000n\000d\000\040\000D\000i\000s\000c\000u\000s\000s\000i\000o\000n}{}% 95
\BOOKMARK [1][-]{section.6.1}{\376\377\000C\000l\000u\000s\000t\000e\000r\000i\000n\000g\000\040\000R\000e\000s\000u\000l\000t\000s}{chapter.6}% 96
\BOOKMARK [2][-]{subsection.6.1.1}{\376\377\000D\000B\000C\000V\000\040\000S\000c\000o\000r\000e\000s\000\040\000A\000c\000r\000o\000s\000s\000\040\000L\000e\000v\000e\000l\000s}{section.6.1}% 97
\BOOKMARK [2][-]{subsection.6.1.2}{\376\377\000C\000o\000l\000o\000u\000r\000-\000C\000o\000d\000e\000d\000\040\000H\000T\000M\000L\000\040\000V\000i\000s\000u\000a\000l\000i\000s\000a\000t\000i\000o\000n\000s}{section.6.1}% 98
\BOOKMARK [1][-]{section.6.2}{\376\377\000S\000i\000m\000i\000l\000a\000r\000i\000t\000y\000\040\000M\000a\000t\000r\000i\000x\000\040\000R\000e\000s\000u\000l\000t\000s}{chapter.6}% 99
\BOOKMARK [2][-]{subsection.6.2.1}{\376\377\000C\000o\000m\000b\000i\000n\000e\000d\000\040\000S\000i\000m\000i\000l\000a\000r\000i\000t\000y\000\040\000S\000c\000o\000r\000e\000s}{section.6.2}% 100
\BOOKMARK [2][-]{subsection.6.2.2}{\376\377\000D\000i\000s\000c\000u\000s\000s\000i\000o\000n\000\040\000o\000f\000\040\000R\000Q\0001}{section.6.2}% 101
\BOOKMARK [1][-]{section.6.3}{\376\377\000I\000n\000d\000i\000v\000i\000d\000u\000a\000l\000\040\000M\000e\000t\000r\000i\000c\000\040\000C\000o\000n\000t\000r\000i\000b\000u\000t\000i\000o\000n\000s}{chapter.6}% 102
\BOOKMARK [1][-]{section.6.4}{\376\377\000P\000r\000o\000c\000e\000s\000s\000i\000n\000g\000\040\000T\000i\000m\000e}{chapter.6}% 103
\BOOKMARK [1][-]{section.6.5}{\376\377\000D\000i\000s\000c\000u\000s\000s\000i\000o\000n\000\040\000o\000f\000\040\000R\000Q\0002\000\040\000a\000n\000d\000\040\000R\000Q\0003}{chapter.6}% 104
\BOOKMARK [1][-]{section.6.6}{\376\377\000L\000i\000m\000i\000t\000a\000t\000i\000o\000n\000s\000\040\000O\000b\000s\000e\000r\000v\000e\000d\000\040\000D\000u\000r\000i\000n\000g\000\040\000E\000x\000p\000e\000r\000i\000m\000e\000n\000t\000s}{chapter.6}% 105
\BOOKMARK [2][-]{subsection.6.6.1}{\376\377\000D\000y\000n\000a\000m\000i\000c\000\040\000C\000o\000n\000t\000e\000n\000t}{section.6.6}% 106
\BOOKMARK [2][-]{subsection.6.6.2}{\376\377\000S\000i\000n\000g\000l\000e\000-\000B\000r\000o\000w\000s\000e\000r\000\040\000R\000e\000n\000d\000e\000r\000i\000n\000g}{section.6.6}% 107
\BOOKMARK [2][-]{subsection.6.6.3}{\376\377\000D\000a\000t\000a\000s\000e\000t\000\040\000S\000i\000z\000e}{section.6.6}% 108
\BOOKMARK [1][-]{section.6.7}{\376\377\000S\000u\000m\000m\000a\000r\000y}{chapter.6}% 109
\BOOKMARK [0][-]{chapter.7}{\376\377\000C\000o\000n\000c\000l\000u\000s\000i\000o\000n\000\040\000a\000n\000d\000\040\000F\000u\000t\000u\000r\000e\000\040\000W\000o\000r\000k}{}% 110
\BOOKMARK [1][-]{section.7.1}{\376\377\000S\000u\000m\000m\000a\000r\000y\000\040\000o\000f\000\040\000C\000o\000n\000t\000r\000i\000b\000u\000t\000i\000o\000n\000s}{chapter.7}% 111
\BOOKMARK [1][-]{section.7.2}{\376\377\000E\000x\000p\000e\000r\000i\000m\000e\000n\000t\000a\000l\000\040\000E\000v\000a\000l\000u\000a\000t\000i\000o\000n}{chapter.7}% 112
\BOOKMARK [1][-]{section.7.3}{\376\377\000L\000i\000m\000i\000t\000a\000t\000i\000o\000n\000s}{chapter.7}% 113
\BOOKMARK [1][-]{section.7.4}{\376\377\000F\000u\000t\000u\000r\000e\000\040\000W\000o\000r\000k}{chapter.7}% 114
\BOOKMARK [0][-]{appendix.A}{\376\377\000U\000s\000e\000r\000\040\000G\000u\000i\000d\000e}{}% 115
\BOOKMARK [1][-]{section.A.1}{\376\377\000G\000e\000t\000t\000i\000n\000g\000\040\000S\000t\000a\000r\000t\000e\000d}{appendix.A}% 116
\BOOKMARK [2][-]{subsection.A.1.1}{\376\377\000S\000y\000s\000t\000e\000m\000\040\000R\000e\000q\000u\000i\000r\000e\000m\000e\000n\000t\000s}{section.A.1}% 117
\BOOKMARK [1][-]{section.A.2}{\376\377\000I\000n\000t\000e\000r\000f\000a\000c\000e\000\040\000O\000v\000e\000r\000v\000i\000e\000w}{appendix.A}% 118
\BOOKMARK [1][-]{section.A.3}{\376\377\000B\000a\000s\000i\000c\000\040\000U\000R\000L\000\040\000A\000n\000a\000l\000y\000s\000i\000s}{appendix.A}% 119
\BOOKMARK [2][-]{subsection.A.3.1}{\376\377\000A\000d\000d\000i\000n\000g\000\040\000U\000R\000L\000s}{section.A.3}% 120
\BOOKMARK [2][-]{subsection.A.3.2}{\376\377\000S\000e\000l\000e\000c\000t\000i\000n\000g\000\040\000A\000n\000a\000l\000y\000s\000i\000s\000\040\000L\000e\000v\000e\000l\000s}{section.A.3}% 121
\BOOKMARK [2][-]{subsection.A.3.3}{\376\377\000R\000u\000n\000n\000i\000n\000g\000\040\000A\000n\000a\000l\000y\000s\000i\000s}{section.A.3}% 122
\BOOKMARK [1][-]{section.A.4}{\376\377\000U\000n\000d\000e\000r\000s\000t\000a\000n\000d\000i\000n\000g\000\040\000R\000e\000s\000u\000l\000t\000s}{appendix.A}% 123
\BOOKMARK [2][-]{subsection.A.4.1}{\376\377\000S\000i\000t\000e\000\040\000S\000i\000m\000i\000l\000a\000r\000i\000t\000y\000\040\000A\000n\000a\000l\000y\000s\000i\000s}{section.A.4}% 124
\BOOKMARK [2][-]{subsection.A.4.2}{\376\377\000C\000l\000u\000s\000t\000e\000r\000i\000n\000g\000\040\000R\000e\000s\000u\000l\000t\000s}{section.A.4}% 125
\BOOKMARK [2][-]{subsection.A.4.3}{\376\377\000G\000e\000n\000e\000r\000a\000t\000e\000d\000\040\000H\000T\000M\000L\000\040\000F\000i\000l\000e\000s}{section.A.4}% 126
\BOOKMARK [1][-]{section.A.5}{\376\377\000A\000d\000v\000a\000n\000c\000e\000d\000\040\000F\000e\000a\000t\000u\000r\000e\000s}{appendix.A}% 127
\BOOKMARK [2][-]{subsection.A.5.1}{\376\377\000E\000x\000p\000e\000r\000i\000m\000e\000n\000t\000\040\000C\000o\000n\000f\000i\000g\000u\000r\000a\000t\000i\000o\000n}{section.A.5}% 128
\BOOKMARK [2][-]{subsection.A.5.2}{\376\377\000R\000e\000s\000u\000l\000t\000s\000\040\000A\000r\000c\000h\000i\000v\000e}{section.A.5}% 129
\BOOKMARK [1][-]{section.A.6}{\376\377\000P\000e\000r\000f\000o\000r\000m\000a\000n\000c\000e\000\040\000a\000n\000d\000\040\000O\000p\000t\000i\000m\000i\000z\000a\000t\000i\000o\000n}{appendix.A}% 130
\BOOKMARK [2][-]{subsection.A.6.1}{\376\377\000S\000y\000s\000t\000e\000m\000\040\000E\000f\000f\000i\000c\000i\000e\000n\000c\000y}{section.A.6}% 131
\BOOKMARK [2][-]{subsection.A.6.2}{\376\377\000P\000e\000r\000f\000o\000r\000m\000a\000n\000c\000e\000\040\000M\000o\000n\000i\000t\000o\000r\000i\000n\000g}{section.A.6}% 132
\BOOKMARK [1][-]{section.A.7}{\376\377\000T\000r\000o\000u\000b\000l\000e\000s\000h\000o\000o\000t\000i\000n\000g}{appendix.A}% 133
\BOOKMARK [2][-]{subsection.A.7.1}{\376\377\000C\000o\000m\000m\000o\000n\000\040\000I\000s\000s\000u\000e\000s}{section.A.7}% 134
\BOOKMARK [2][-]{subsection.A.7.2}{\376\377\000E\000r\000r\000o\000r\000\040\000M\000e\000s\000s\000a\000g\000e\000s}{section.A.7}% 135
\BOOKMARK [1][-]{section.A.8}{\376\377\000B\000e\000s\000t\000\040\000P\000r\000a\000c\000t\000i\000c\000e\000s}{appendix.A}% 136
\BOOKMARK [2][-]{subsection.A.8.1}{\376\377\000O\000p\000t\000i\000m\000a\000l\000\040\000U\000s\000a\000g\000e\000\040\000P\000a\000t\000t\000e\000r\000n\000s}{section.A.8}% 137
\BOOKMARK [2][-]{subsection.A.8.2}{\376\377\000R\000e\000s\000u\000l\000t\000\040\000I\000n\000t\000e\000r\000p\000r\000e\000t\000a\000t\000i\000o\000n}{section.A.8}% 138
\BOOKMARK [0][-]{appendix.B}{\376\377\000A\000P\000I\000\040\000D\000o\000c\000u\000m\000e\000n\000t\000a\000t\000i\000o\000n}{}% 139
\BOOKMARK [1][-]{section.B.1}{\376\377\000A\000P\000I\000\040\000O\000v\000e\000r\000v\000i\000e\000w}{appendix.B}% 140
\BOOKMARK [2][-]{subsection.B.1.1}{\376\377\000B\000a\000s\000e\000\040\000C\000o\000n\000f\000i\000g\000u\000r\000a\000t\000i\000o\000n}{section.B.1}% 141
\BOOKMARK [1][-]{section.B.2}{\376\377\000C\000o\000r\000e\000\040\000P\000r\000o\000c\000e\000s\000s\000i\000n\000g\000\040\000E\000n\000d\000p\000o\000i\000n\000t\000s}{appendix.B}% 142
\BOOKMARK [2][-]{subsection.B.2.1}{\376\377\000P\000r\000o\000c\000e\000s\000s\000\040\000U\000R\000L\000s}{section.B.2}% 143
\BOOKMARK [3][-]{subsubsection.B.2.1.1}{\376\377\000R\000e\000q\000u\000e\000s\000t\000\040\000F\000o\000r\000m\000a\000t}{subsection.B.2.1}% 144
\BOOKMARK [3][-]{subsubsection.B.2.1.2}{\376\377\000R\000e\000s\000p\000o\000n\000s\000e\000\040\000F\000o\000r\000m\000a\000t}{subsection.B.2.1}% 145
\BOOKMARK [2][-]{subsection.B.2.2}{\376\377\000P\000r\000o\000c\000e\000s\000s\000\040\000C\000l\000u\000s\000t\000e\000r\000s}{section.B.2}% 146
\BOOKMARK [3][-]{subsubsection.B.2.2.1}{\376\377\000R\000e\000q\000u\000e\000s\000t\000\040\000F\000o\000r\000m\000a\000t}{subsection.B.2.2}% 147
\BOOKMARK [3][-]{subsubsection.B.2.2.2}{\376\377\000R\000e\000s\000p\000o\000n\000s\000e\000\040\000F\000o\000r\000m\000a\000t}{subsection.B.2.2}% 148
\BOOKMARK [1][-]{section.B.3}{\376\377\000E\000x\000p\000e\000r\000i\000m\000e\000n\000t\000\040\000M\000a\000n\000a\000g\000e\000m\000e\000n\000t\000\040\000E\000n\000d\000p\000o\000i\000n\000t\000s}{appendix.B}% 149
\BOOKMARK [2][-]{subsection.B.3.1}{\376\377\000R\000u\000n\000\040\000E\000x\000p\000e\000r\000i\000m\000e\000n\000t\000\040\000B\000a\000t\000c\000h}{section.B.3}% 150
\BOOKMARK [3][-]{subsubsection.B.3.1.1}{\376\377\000R\000e\000q\000u\000e\000s\000t\000\040\000F\000o\000r\000m\000a\000t}{subsection.B.3.1}% 151
\BOOKMARK [3][-]{subsubsection.B.3.1.2}{\376\377\000R\000e\000s\000p\000o\000n\000s\000e\000\040\000F\000o\000r\000m\000a\000t}{subsection.B.3.1}% 152
\BOOKMARK [2][-]{subsection.B.3.2}{\376\377\000L\000i\000s\000t\000\040\000E\000x\000p\000e\000r\000i\000m\000e\000n\000t\000\040\000R\000e\000s\000u\000l\000t\000s}{section.B.3}% 153
\BOOKMARK [3][-]{subsubsection.B.3.2.1}{\376\377\000R\000e\000s\000p\000o\000n\000s\000e\000\040\000F\000o\000r\000m\000a\000t}{subsection.B.3.2}% 154
\BOOKMARK [2][-]{subsection.B.3.3}{\376\377\000G\000e\000t\000\040\000E\000x\000p\000e\000r\000i\000m\000e\000n\000t\000\040\000D\000e\000t\000a\000i\000l\000s}{section.B.3}% 155
\BOOKMARK [3][-]{subsubsection.B.3.3.1}{\376\377\000R\000e\000s\000p\000o\000n\000s\000e\000\040\000F\000o\000r\000m\000a\000t}{subsection.B.3.3}% 156
\BOOKMARK [1][-]{section.B.4}{\376\377\000F\000i\000l\000e\000\040\000A\000c\000c\000e\000s\000s\000\040\000E\000n\000d\000p\000o\000i\000n\000t\000s}{appendix.B}% 157
\BOOKMARK [2][-]{subsection.B.4.1}{\376\377\000H\000T\000M\000L\000\040\000F\000i\000l\000e\000\040\000S\000e\000r\000v\000i\000n\000g}{section.B.4}% 158
\BOOKMARK [2][-]{subsection.B.4.2}{\376\377\000E\000x\000p\000e\000r\000i\000m\000e\000n\000t\000\040\000F\000i\000l\000e\000\040\000D\000o\000w\000n\000l\000o\000a\000d\000s}{section.B.4}% 159
\BOOKMARK [2][-]{subsection.B.4.3}{\376\377\000G\000e\000n\000e\000r\000a\000t\000e\000d\000\040\000I\000m\000a\000g\000e\000s}{section.B.4}% 160
\BOOKMARK [1][-]{section.B.5}{\376\377\000E\000r\000r\000o\000r\000\040\000H\000a\000n\000d\000l\000i\000n\000g}{appendix.B}% 161
\BOOKMARK [2][-]{subsection.B.5.1}{\376\377\000S\000t\000a\000n\000d\000a\000r\000d\000\040\000E\000r\000r\000o\000r\000\040\000R\000e\000s\000p\000o\000n\000s\000e}{section.B.5}% 162
\BOOKMARK [2][-]{subsection.B.5.2}{\376\377\000H\000T\000T\000P\000\040\000S\000t\000a\000t\000u\000s\000\040\000C\000o\000d\000e\000s}{section.B.5}% 163
\BOOKMARK [2][-]{subsection.B.5.3}{\376\377\000C\000o\000m\000m\000o\000n\000\040\000E\000r\000r\000o\000r\000\040\000M\000e\000s\000s\000a\000g\000e\000s}{section.B.5}% 164
\BOOKMARK [1][-]{section.B.6}{\376\377\000R\000a\000t\000e\000\040\000L\000i\000m\000i\000t\000i\000n\000g\000\040\000a\000n\000d\000\040\000P\000e\000r\000f\000o\000r\000m\000a\000n\000c\000e}{appendix.B}% 165
\BOOKMARK [2][-]{subsection.B.6.1}{\376\377\000R\000e\000q\000u\000e\000s\000t\000\040\000L\000i\000m\000i\000t\000s}{section.B.6}% 166
\BOOKMARK [2][-]{subsection.B.6.2}{\376\377\000P\000e\000r\000f\000o\000r\000m\000a\000n\000c\000e\000\040\000C\000o\000n\000s\000i\000d\000e\000r\000a\000t\000i\000o\000n\000s}{section.B.6}% 167
\BOOKMARK [1][-]{section.B.7}{\376\377\000A\000u\000t\000h\000e\000n\000t\000i\000c\000a\000t\000i\000o\000n\000\040\000a\000n\000d\000\040\000S\000e\000c\000u\000r\000i\000t\000y}{appendix.B}% 168
\BOOKMARK [2][-]{subsection.B.7.1}{\376\377\000C\000u\000r\000r\000e\000n\000t\000\040\000I\000m\000p\000l\000e\000m\000e\000n\000t\000a\000t\000i\000o\000n}{section.B.7}% 169
\BOOKMARK [2][-]{subsection.B.7.2}{\376\377\000P\000r\000o\000d\000u\000c\000t\000i\000o\000n\000\040\000C\000o\000n\000s\000i\000d\000e\000r\000a\000t\000i\000o\000n\000s}{section.B.7}% 170
\BOOKMARK [1][-]{section.B.8}{\376\377\000M\000a\000i\000n\000\040\000A\000P\000I\000\040\000E\000n\000d\000p\000o\000i\000n\000t\000s}{appendix.B}% 171
\BOOKMARK [2][-]{subsection.B.8.1}{\376\377\000U\000R\000L\000\040\000P\000r\000o\000c\000e\000s\000s\000i\000n\000g}{section.B.8}% 172
\BOOKMARK [2][-]{subsection.B.8.2}{\376\377\000E\000x\000p\000e\000r\000i\000m\000e\000n\000t\000\040\000B\000a\000t\000c\000h\000\040\000P\000r\000o\000c\000e\000s\000s\000i\000n\000g}{section.B.8}% 173
\BOOKMARK [2][-]{subsection.B.8.3}{\376\377\000E\000x\000p\000e\000r\000i\000m\000e\000n\000t\000\040\000R\000e\000s\000u\000l\000t\000s\000\040\000L\000i\000s\000t\000i\000n\000g}{section.B.8}% 174
\BOOKMARK [2][-]{subsection.B.8.4}{\376\377\000E\000x\000p\000e\000r\000i\000m\000e\000n\000t\000\040\000D\000e\000t\000a\000i\000l\000s}{section.B.8}% 175
\BOOKMARK [1][-]{section.B.9}{\376\377\000F\000i\000l\000e\000\040\000A\000c\000c\000e\000s\000s}{appendix.B}% 176
\BOOKMARK [1][-]{section.B.10}{\376\377\000E\000r\000r\000o\000r\000\040\000H\000a\000n\000d\000l\000i\000n\000g}{appendix.B}% 177
\BOOKMARK [0][-]{appendix.C}{\376\377\000T\000e\000c\000h\000n\000o\000l\000o\000g\000y\000\040\000S\000t\000a\000c\000k\000\040\000D\000e\000t\000a\000i\000l\000s}{}% 178
\BOOKMARK [1][-]{section.C.1}{\376\377\000T\000e\000c\000h\000n\000o\000l\000o\000g\000y\000\040\000S\000t\000a\000c\000k\000\040\000O\000v\000e\000r\000v\000i\000e\000w}{appendix.C}% 179
\BOOKMARK [1][-]{section.C.2}{\376\377\000B\000a\000c\000k\000e\000n\000d\000\040\000T\000e\000c\000h\000n\000o\000l\000o\000g\000i\000e\000s}{appendix.C}% 180
\BOOKMARK [2][-]{subsection.C.2.1}{\376\377\000C\000o\000r\000e\000\040\000P\000r\000o\000g\000r\000a\000m\000m\000i\000n\000g\000\040\000L\000a\000n\000g\000u\000a\000g\000e}{section.C.2}% 181
\BOOKMARK [2][-]{subsection.C.2.2}{\376\377\000W\000e\000b\000\040\000A\000u\000t\000o\000m\000a\000t\000i\000o\000n\000\040\000F\000r\000a\000m\000e\000w\000o\000r\000k}{section.C.2}% 182
\BOOKMARK [2][-]{subsection.C.2.3}{\376\377\000A\000P\000I\000\040\000F\000r\000a\000m\000e\000w\000o\000r\000k}{section.C.2}% 183
\BOOKMARK [2][-]{subsection.C.2.4}{\376\377\000D\000a\000t\000a\000\040\000P\000r\000o\000c\000e\000s\000s\000i\000n\000g\000\040\000L\000i\000b\000r\000a\000r\000i\000e\000s}{section.C.2}% 184
\BOOKMARK [2][-]{subsection.C.2.5}{\376\377\000M\000a\000c\000h\000i\000n\000e\000\040\000L\000e\000a\000r\000n\000i\000n\000g\000\040\000L\000i\000b\000r\000a\000r\000i\000e\000s}{section.C.2}% 185
\BOOKMARK [2][-]{subsection.C.2.6}{\376\377\000I\000m\000a\000g\000e\000\040\000a\000n\000d\000\040\000V\000i\000s\000u\000a\000l\000i\000z\000a\000t\000i\000o\000n\000\040\000L\000i\000b\000r\000a\000r\000i\000e\000s}{section.C.2}% 186
\BOOKMARK [2][-]{subsection.C.2.7}{\376\377\000C\000o\000l\000o\000r\000\040\000P\000r\000o\000c\000e\000s\000s\000i\000n\000g}{section.C.2}% 187
\BOOKMARK [1][-]{section.C.3}{\376\377\000F\000r\000o\000n\000t\000e\000n\000d\000\040\000T\000e\000c\000h\000n\000o\000l\000o\000g\000i\000e\000s}{appendix.C}% 188
\BOOKMARK [2][-]{subsection.C.3.1}{\376\377\000C\000o\000r\000e\000\040\000F\000r\000a\000m\000e\000w\000o\000r\000k}{section.C.3}% 189
\BOOKMARK [2][-]{subsection.C.3.2}{\376\377\000U\000I\000\040\000C\000o\000m\000p\000o\000n\000e\000n\000t\000\040\000L\000i\000b\000r\000a\000r\000y}{section.C.3}% 190
\BOOKMARK [2][-]{subsection.C.3.3}{\376\377\000D\000a\000t\000a\000\040\000V\000i\000s\000u\000a\000l\000i\000z\000a\000t\000i\000o\000n}{section.C.3}% 191
\BOOKMARK [2][-]{subsection.C.3.4}{\376\377\000P\000D\000F\000\040\000G\000e\000n\000e\000r\000a\000t\000i\000o\000n}{section.C.3}% 192
\BOOKMARK [1][-]{section.C.4}{\376\377\000D\000e\000v\000e\000l\000o\000p\000m\000e\000n\000t\000\040\000a\000n\000d\000\040\000D\000e\000p\000l\000o\000y\000m\000e\000n\000t}{appendix.C}% 193
\BOOKMARK [2][-]{subsection.C.4.1}{\376\377\000P\000a\000c\000k\000a\000g\000e\000\040\000M\000a\000n\000a\000g\000e\000m\000e\000n\000t}{section.C.4}% 194
\BOOKMARK [2][-]{subsection.C.4.2}{\376\377\000D\000e\000v\000e\000l\000o\000p\000m\000e\000n\000t\000\040\000T\000o\000o\000l\000s}{section.C.4}% 195
\BOOKMARK [1][-]{section.C.5}{\376\377\000D\000a\000t\000a\000\040\000M\000a\000n\000a\000g\000e\000m\000e\000n\000t}{appendix.C}% 196
\BOOKMARK [2][-]{subsection.C.5.1}{\376\377\000F\000i\000l\000e\000\040\000S\000y\000s\000t\000e\000m\000\040\000S\000t\000o\000r\000a\000g\000e}{section.C.5}% 197
\BOOKMARK [2][-]{subsection.C.5.2}{\376\377\000D\000a\000t\000a\000\040\000P\000r\000o\000c\000e\000s\000s\000i\000n\000g\000\040\000O\000p\000t\000i\000m\000i\000z\000a\000t\000i\000o\000n}{section.C.5}% 198
\BOOKMARK [1][-]{section.C.6}{\376\377\000P\000e\000r\000f\000o\000r\000m\000a\000n\000c\000e\000\040\000O\000p\000t\000i\000m\000i\000z\000a\000t\000i\000o\000n\000\040\000T\000e\000c\000h\000n\000o\000l\000o\000g\000i\000e\000s}{appendix.C}% 199
\BOOKMARK [2][-]{subsection.C.6.1}{\376\377\000P\000a\000r\000a\000l\000l\000e\000l\000\040\000P\000r\000o\000c\000e\000s\000s\000i\000n\000g}{section.C.6}% 200
\BOOKMARK [2][-]{subsection.C.6.2}{\376\377\000A\000l\000g\000o\000r\000i\000t\000h\000m\000\040\000O\000p\000t\000i\000m\000i\000z\000a\000t\000i\000o\000n}{section.C.6}% 201
\BOOKMARK [1][-]{section.C.7}{\376\377\000B\000r\000o\000w\000s\000e\000r\000\040\000C\000o\000m\000p\000a\000t\000i\000b\000i\000l\000i\000t\000y}{appendix.C}% 202
\BOOKMARK [2][-]{subsection.C.7.1}{\376\377\000S\000u\000p\000p\000o\000r\000t\000e\000d\000\040\000B\000r\000o\000w\000s\000e\000r\000s}{section.C.7}% 203
\BOOKMARK [2][-]{subsection.C.7.2}{\376\377\000P\000r\000o\000g\000r\000e\000s\000s\000i\000v\000e\000\040\000E\000n\000h\000a\000n\000c\000e\000m\000e\000n\000t}{section.C.7}% 204
\BOOKMARK [1][-]{section.C.8}{\376\377\000S\000e\000c\000u\000r\000i\000t\000y\000\040\000C\000o\000n\000s\000i\000d\000e\000r\000a\000t\000i\000o\000n\000s}{appendix.C}% 205
\BOOKMARK [2][-]{subsection.C.8.1}{\376\377\000I\000n\000p\000u\000t\000\040\000V\000a\000l\000i\000d\000a\000t\000i\000o\000n}{section.C.8}% 206
\BOOKMARK [2][-]{subsection.C.8.2}{\376\377\000C\000O\000R\000S\000\040\000C\000o\000n\000f\000i\000g\000u\000r\000a\000t\000i\000o\000n}{section.C.8}% 207
\BOOKMARK [1][-]{section.C.9}{\376\377\000S\000y\000s\000t\000e\000m\000\040\000R\000e\000q\000u\000i\000r\000e\000m\000e\000n\000t\000s}{appendix.C}% 208
\BOOKMARK [2][-]{subsection.C.9.1}{\376\377\000M\000i\000n\000i\000m\000u\000m\000\040\000R\000e\000q\000u\000i\000r\000e\000m\000e\000n\000t\000s}{section.C.9}% 209
\BOOKMARK [2][-]{subsection.C.9.2}{\376\377\000R\000e\000c\000o\000m\000m\000e\000n\000d\000e\000d\000\040\000C\000o\000n\000f\000i\000g\000u\000r\000a\000t\000i\000o\000n}{section.C.9}% 210
\BOOKMARK [1][-]{section.C.10}{\376\377\000V\000e\000r\000s\000i\000o\000n\000\040\000M\000a\000n\000a\000g\000e\000m\000e\000n\000t}{appendix.C}% 211
\BOOKMARK [2][-]{subsection.C.10.1}{\376\377\000D\000e\000p\000e\000n\000d\000e\000n\000c\000y\000\040\000V\000e\000r\000s\000i\000o\000n\000i\000n\000g}{section.C.10}% 212
\BOOKMARK [2][-]{subsection.C.10.2}{\376\377\000T\000e\000c\000h\000n\000o\000l\000o\000g\000y\000\040\000L\000i\000f\000e\000c\000y\000c\000l\000e}{section.C.10}% 213
\BOOKMARK [0][-]{appendix.D}{\376\377\000E\000x\000p\000e\000r\000i\000m\000e\000n\000t\000a\000l\000\040\000D\000a\000t\000a}{}% 214
\BOOKMARK [1][-]{section.D.1}{\376\377\000E\000x\000p\000e\000r\000i\000m\000e\000n\000t\000a\000l\000\040\000D\000e\000s\000i\000g\000n\000\040\000O\000v\000e\000r\000v\000i\000e\000w}{appendix.D}% 215
\BOOKMARK [1][-]{section.D.2}{\376\377\000D\000a\000t\000a\000s\000e\000t\000\040\000C\000h\000a\000r\000a\000c\000t\000e\000r\000i\000s\000t\000i\000c\000s}{appendix.D}% 216
\BOOKMARK [2][-]{subsection.D.2.1}{\376\377\000T\000e\000s\000t\000\040\000W\000e\000b\000s\000i\000t\000e\000\040\000C\000a\000t\000e\000g\000o\000r\000i\000e\000s}{section.D.2}% 217
\BOOKMARK [2][-]{subsection.D.2.2}{\376\377\000U\000R\000L\000\040\000D\000i\000s\000t\000r\000i\000b\000u\000t\000i\000o\000n}{section.D.2}% 218
\BOOKMARK [1][-]{section.D.3}{\376\377\000P\000e\000r\000f\000o\000r\000m\000a\000n\000c\000e\000\040\000M\000e\000t\000r\000i\000c\000s}{appendix.D}% 219
\BOOKMARK [2][-]{subsection.D.3.1}{\376\377\000P\000r\000o\000c\000e\000s\000s\000i\000n\000g\000\040\000T\000i\000m\000e\000\040\000A\000n\000a\000l\000y\000s\000i\000s}{section.D.3}% 220
\BOOKMARK [2][-]{subsection.D.3.2}{\376\377\000S\000y\000s\000t\000e\000m\000\040\000P\000e\000r\000f\000o\000r\000m\000a\000n\000c\000e\000\040\000M\000e\000t\000r\000i\000c\000s}{section.D.3}% 221
\BOOKMARK [1][-]{section.D.4}{\376\377\000C\000l\000u\000s\000t\000e\000r\000i\000n\000g\000\040\000Q\000u\000a\000l\000i\000t\000y\000\040\000R\000e\000s\000u\000l\000t\000s}{appendix.D}% 222
\BOOKMARK [2][-]{subsection.D.4.1}{\376\377\000D\000B\000C\000V\000\040\000S\000c\000o\000r\000e\000s\000\040\000b\000y\000\040\000L\000e\000v\000e\000l}{section.D.4}% 223
\BOOKMARK [2][-]{subsection.D.4.2}{\376\377\000O\000p\000t\000i\000m\000a\000l\000\040\000L\000e\000v\000e\000l\000\040\000I\000d\000e\000n\000t\000i\000f\000i\000c\000a\000t\000i\000o\000n}{section.D.4}% 224
\BOOKMARK [1][-]{section.D.5}{\376\377\000S\000i\000m\000i\000l\000a\000r\000i\000t\000y\000\040\000A\000n\000a\000l\000y\000s\000i\000s\000\040\000R\000e\000s\000u\000l\000t\000s}{appendix.D}% 225
\BOOKMARK [2][-]{subsection.D.5.1}{\376\377\000C\000o\000s\000i\000n\000e\000\040\000S\000i\000m\000i\000l\000a\000r\000i\000t\000y\000\040\000D\000i\000s\000t\000r\000i\000b\000u\000t\000i\000o\000n}{section.D.5}% 226
\BOOKMARK [2][-]{subsection.D.5.2}{\376\377\000M\000u\000l\000t\000i\000-\000M\000e\000t\000r\000i\000c\000\040\000C\000o\000m\000p\000a\000r\000i\000s\000o\000n}{section.D.5}% 227
\BOOKMARK [1][-]{section.D.6}{\376\377\000S\000c\000a\000l\000a\000b\000i\000l\000i\000t\000y\000\040\000A\000n\000a\000l\000y\000s\000i\000s}{appendix.D}% 228
\BOOKMARK [2][-]{subsection.D.6.1}{\376\377\000U\000R\000L\000\040\000C\000o\000u\000n\000t\000\040\000v\000s\000\040\000P\000r\000o\000c\000e\000s\000s\000i\000n\000g\000\040\000T\000i\000m\000e}{section.D.6}% 229
\BOOKMARK [2][-]{subsection.D.6.2}{\376\377\000M\000e\000m\000o\000r\000y\000\040\000U\000s\000a\000g\000e\000\040\000P\000a\000t\000t\000e\000r\000n\000s}{section.D.6}% 230
\BOOKMARK [1][-]{section.D.7}{\376\377\000E\000x\000p\000e\000r\000i\000m\000e\000n\000t\000\040\000V\000a\000l\000i\000d\000a\000t\000i\000o\000n\000\040\000R\000e\000s\000u\000l\000t\000s}{appendix.D}% 231
\BOOKMARK [2][-]{subsection.D.7.1}{\376\377\000G\000r\000o\000u\000n\000d\000\040\000T\000r\000u\000t\000h\000\040\000V\000a\000l\000i\000d\000a\000t\000i\000o\000n}{section.D.7}% 232
\BOOKMARK [2][-]{subsection.D.7.2}{\376\377\000C\000r\000o\000s\000s\000-\000V\000a\000l\000i\000d\000a\000t\000i\000o\000n\000\040\000R\000e\000s\000u\000l\000t\000s}{section.D.7}% 233
\BOOKMARK [1][-]{section.D.8}{\376\377\000C\000o\000m\000p\000a\000r\000a\000t\000i\000v\000e\000\040\000A\000n\000a\000l\000y\000s\000i\000s}{appendix.D}% 234
\BOOKMARK [2][-]{subsection.D.8.1}{\376\377\000B\000a\000s\000e\000l\000i\000n\000e\000\040\000C\000o\000m\000p\000a\000r\000i\000s\000o\000n\000s}{section.D.8}% 235
\BOOKMARK [2][-]{subsection.D.8.2}{\376\377\000F\000e\000a\000t\000u\000r\000e\000\040\000I\000m\000p\000o\000r\000t\000a\000n\000c\000e\000\040\000A\000n\000a\000l\000y\000s\000i\000s}{section.D.8}% 236
\BOOKMARK [1][-]{section.D.9}{\376\377\000E\000r\000r\000o\000r\000\040\000A\000n\000a\000l\000y\000s\000i\000s}{appendix.D}% 237
\BOOKMARK [2][-]{subsection.D.9.1}{\376\377\000F\000a\000i\000l\000u\000r\000e\000\040\000C\000a\000s\000e\000\040\000A\000n\000a\000l\000y\000s\000i\000s}{section.D.9}% 238
\BOOKMARK [2][-]{subsection.D.9.2}{\376\377\000Q\000u\000a\000l\000i\000t\000y\000\040\000D\000e\000g\000r\000a\000d\000a\000t\000i\000o\000n\000\040\000F\000a\000c\000t\000o\000r\000s}{section.D.9}% 239
\BOOKMARK [1][-]{section.D.10}{\376\377\000P\000e\000r\000f\000o\000r\000m\000a\000n\000c\000e\000\040\000O\000p\000t\000i\000m\000i\000z\000a\000t\000i\000o\000n\000\040\000R\000e\000s\000u\000l\000t\000s}{appendix.D}% 240
\BOOKMARK [2][-]{subsection.D.10.1}{\376\377\000O\000p\000t\000i\000m\000i\000z\000a\000t\000i\000o\000n\000\040\000T\000e\000c\000h\000n\000i\000q\000u\000e\000s\000\040\000I\000m\000p\000a\000c\000t}{section.D.10}% 241
\BOOKMARK [1][-]{section.D.11}{\376\377\000S\000t\000a\000t\000i\000s\000t\000i\000c\000a\000l\000\040\000S\000i\000g\000n\000i\000f\000i\000c\000a\000n\000c\000e\000\040\000T\000e\000s\000t\000s}{appendix.D}% 242
\BOOKMARK [2][-]{subsection.D.11.1}{\376\377\000H\000y\000p\000o\000t\000h\000e\000s\000i\000s\000\040\000T\000e\000s\000t\000i\000n\000g\000\040\000R\000e\000s\000u\000l\000t\000s}{section.D.11}% 243
\BOOKMARK [1][-]{section.D.12}{\376\377\000R\000e\000p\000r\000o\000d\000u\000c\000i\000b\000i\000l\000i\000t\000y\000\040\000I\000n\000f\000o\000r\000m\000a\000t\000i\000o\000n}{appendix.D}% 244
\BOOKMARK [2][-]{subsection.D.12.1}{\376\377\000E\000x\000p\000e\000r\000i\000m\000e\000n\000t\000a\000l\000\040\000C\000o\000n\000f\000i\000g\000u\000r\000a\000t\000i\000o\000n}{section.D.12}% 245
\BOOKMARK [2][-]{subsection.D.12.2}{\376\377\000D\000a\000t\000a\000\040\000A\000v\000a\000i\000l\000a\000b\000i\000l\000i\000t\000y}{section.D.12}% 246
